Mar  7 16:33:41 KevinSumaya systemd[1]: Mounted Huge Pages File System.
Mar  7 16:33:41 KevinSumaya systemd[1]: Mounted POSIX Message Queue File System.
Mar  7 16:33:41 KevinSumaya systemd[1]: Mounted Kernel Debug File System.
Mar  7 16:33:41 KevinSumaya systemd[1]: Started Remount Root and Kernel File Systems.
Mar  7 16:33:41 KevinSumaya systemd[1]: Activating swap /swapfile...
Mar  7 16:33:41 KevinSumaya systemd[1]: Starting Load/Save Random Seed...
Mar  7 16:33:41 KevinSumaya systemd[1]: Starting Flush Journal to Persistent Storage...
Mar  7 16:33:41 KevinSumaya systemd[1]: Activated swap /swapfile.
Mar  7 16:33:41 KevinSumaya systemd[1]: Reached target Swap.
Mar  7 16:33:41 KevinSumaya systemd[1]: Started Load/Save Random Seed.
Mar  7 16:33:41 KevinSumaya systemd[1]: Started Create Static Device Nodes in /dev.
Mar  7 16:33:41 KevinSumaya systemd[1]: Starting udev Kernel Device Manager...
Mar  7 16:33:41 KevinSumaya systemd-modules-load[243]: Inserted module 'lp'
Mar  7 16:33:41 KevinSumaya systemd[1]: Started Flush Journal to Persistent Storage.
Mar  7 16:33:41 KevinSumaya systemd-modules-load[243]: Inserted module 'ppdev'
Mar  7 16:33:41 KevinSumaya systemd-modules-load[243]: Inserted module 'parport_pc'
Mar  7 16:33:41 KevinSumaya kernel: [    0.000000] Linux version 4.18.0-15-generic (buildd@lcy01-amd64-029) (gcc version 7.3.0 (Ubuntu 7.3.0-16ubuntu3)) #16~18.04.1-Ubuntu SMP Thu Feb 7 14:06:04 UTC 2019 (Ubuntu 4.18.0-15.16~18.04.1-generic 4.18.20)
Mar  7 16:33:41 KevinSumaya systemd[1]: Started Set the console keyboard layout.
Mar  7 16:33:41 KevinSumaya systemd[1]: Started Load Kernel Modules.
Mar  7 16:33:41 KevinSumaya systemd[1]: Mounting Kernel Configuration File System...
Mar  7 16:33:41 KevinSumaya systemd[1]: Starting Apply Kernel Variables...
Mar  7 16:33:41 KevinSumaya systemd[1]: Mounting FUSE Control File System...
Mar  7 16:33:41 KevinSumaya systemd[1]: Reached target Local File Systems (Pre).
Mar  7 16:33:41 KevinSumaya systemd[1]: Reached target Local File Systems.
Mar  7 16:33:41 KevinSumaya systemd[1]: Starting Create Volatile Files and Directories...
Mar  7 16:33:41 KevinSumaya systemd[1]: Starting AppArmor initialization...
Mar  7 16:33:41 KevinSumaya systemd[1]: Starting Set console font and keymap...
Mar  7 16:33:41 KevinSumaya systemd[1]: Starting Tell Plymouth To Write Out Runtime Data...
Mar  7 16:33:41 KevinSumaya systemd[1]: Starting Clean up any mess left by 0dns-up...
Mar  7 16:33:41 KevinSumaya systemd[1]: Starting Commit a transient machine-id on disk...
Mar  7 16:33:41 KevinSumaya systemd[1]: Mounted Kernel Configuration File System.
Mar  7 16:33:41 KevinSumaya systemd[1]: Mounted FUSE Control File System.
Mar  7 16:33:41 KevinSumaya systemd[1]: Started Set console font and keymap.
Mar  7 16:33:41 KevinSumaya systemd[1]: Started Create Volatile Files and Directories.
Mar  7 16:33:41 KevinSumaya systemd[1]: Starting Update UTMP about System Boot/Shutdown...
Mar  7 16:33:41 KevinSumaya systemd[1]: Starting Network Time Synchronization...
Mar  7 16:33:41 KevinSumaya systemd[1]: Starting Network Name Resolution...
Mar  7 16:33:41 KevinSumaya systemd[1]: Started Commit a transient machine-id on disk.
Mar  7 16:33:41 KevinSumaya kernel: [    0.000000] Command line: BOOT_IMAGE=/boot/vmlinuz-4.18.0-15-generic root=UUID=4a50dd81-eacf-4ec3-8edb-5ae4efc1e762 ro quiet splash
Mar  7 16:33:41 KevinSumaya kernel: [    0.000000] KERNEL supported cpus:
Mar  7 16:33:41 KevinSumaya kernel: [    0.000000]   Intel GenuineIntel
Mar  7 16:33:41 KevinSumaya kernel: [    0.000000]   AMD AuthenticAMD
Mar  7 16:33:41 KevinSumaya kernel: [    0.000000]   Centaur CentaurHauls
Mar  7 16:33:41 KevinSumaya systemd[1]: Started Tell Plymouth To Write Out Runtime Data.
Mar  7 16:33:41 KevinSumaya kernel: [    0.000000] x86/fpu: x87 FPU will use FXSAVE
Mar  7 16:33:41 KevinSumaya kernel: [    0.000000] BIOS-provided physical RAM map:
Mar  7 16:33:41 KevinSumaya kernel: [    0.000000] BIOS-e820: [mem 0x0000000000000000-0x000000000009fbff] usable
Mar  7 16:33:41 KevinSumaya kernel: [    0.000000] BIOS-e820: [mem 0x000000000009fc00-0x000000000009ffff] reserved
Mar  7 16:33:41 KevinSumaya kernel: [    0.000000] BIOS-e820: [mem 0x00000000000f0000-0x00000000000fffff] reserved
Mar  7 16:33:41 KevinSumaya systemd[1]: Started Update UTMP about System Boot/Shutdown.
Mar  7 16:33:41 KevinSumaya kernel: [    0.000000] BIOS-e820: [mem 0x0000000000100000-0x00000000dffeffff] usable
Mar  7 16:33:41 KevinSumaya kernel: [    0.000000] BIOS-e820: [mem 0x00000000dfff0000-0x00000000dfffffff] ACPI data
Mar  7 16:33:41 KevinSumaya systemd[1]: Started udev Kernel Device Manager.
Mar  7 16:33:41 KevinSumaya kernel: [    0.000000] BIOS-e820: [mem 0x00000000fec00000-0x00000000fec00fff] reserved
Mar  7 16:33:41 KevinSumaya kernel: [    0.000000] BIOS-e820: [mem 0x00000000fee00000-0x00000000fee00fff] reserved
Mar  7 16:33:41 KevinSumaya kernel: [    0.000000] BIOS-e820: [mem 0x00000000fffc0000-0x00000000ffffffff] reserved
Mar  7 16:33:41 KevinSumaya kernel: [    0.000000] BIOS-e820: [mem 0x0000000100000000-0x00000002359fffff] usable
Mar  7 16:33:41 KevinSumaya systemd[1]: Starting Show Plymouth Boot Screen...
Mar  7 16:33:41 KevinSumaya kernel: [    0.000000] NX (Execute Disable) protection: active
Mar  7 16:33:41 KevinSumaya kernel: [    0.000000] SMBIOS 2.5 present.
Mar  7 16:33:41 KevinSumaya kernel: [    0.000000] DMI: innotek GmbH VirtualBox/VirtualBox, BIOS VirtualBox 12/01/2006
Mar  7 16:33:41 KevinSumaya apparmor[272]:  * Starting AppArmor profiles
Mar  7 16:33:41 KevinSumaya kernel: [    0.000000] Hypervisor detected: KVM
Mar  7 16:33:41 KevinSumaya kernel: [    0.000000] e820: update [mem 0x00000000-0x00000fff] usable ==> reserved
Mar  7 16:33:41 KevinSumaya kernel: [    0.000000] e820: remove [mem 0x000a0000-0x000fffff] usable
Mar  7 16:33:41 KevinSumaya kernel: [    0.000000] last_pfn = 0x235a00 max_arch_pfn = 0x400000000
Mar  7 16:33:41 KevinSumaya systemd[1]: Started Apply Kernel Variables.
Mar  7 16:33:41 KevinSumaya kernel: [    0.000000] MTRR default type: uncachable
Mar  7 16:33:41 KevinSumaya kernel: [    0.000000] MTRR fixed ranges disabled:
Mar  7 16:33:41 KevinSumaya kernel: [    0.000000]   00000-FFFFF uncachable
Mar  7 16:33:41 KevinSumaya systemd[1]: Started Network Time Synchronization.
Mar  7 16:33:41 KevinSumaya kernel: [    0.000000] MTRR variable ranges disabled:
Mar  7 16:33:41 KevinSumaya kernel: [    0.000000]   0 disabled
Mar  7 16:33:41 KevinSumaya kernel: [    0.000000]   1 disabled
Mar  7 16:33:41 KevinSumaya kernel: [    0.000000]   2 disabled
Mar  7 16:33:41 KevinSumaya kernel: [    0.000000]   3 disabled
Mar  7 16:33:41 KevinSumaya systemd[1]: Reached target System Time Synchronized.
Mar  7 16:33:41 KevinSumaya kernel: [    0.000000]   4 disabled
Mar  7 16:33:41 KevinSumaya kernel: [    0.000000]   5 disabled
Mar  7 16:33:41 KevinSumaya kernel: [    0.000000]   6 disabled
Mar  7 16:33:41 KevinSumaya kernel: [    0.000000]   7 disabled
Mar  7 16:33:41 KevinSumaya systemd[1]: Started Clean up any mess left by 0dns-up.
Mar  7 16:33:41 KevinSumaya kernel: [    0.000000] Disabled
Mar  7 16:33:41 KevinSumaya kernel: [    0.000000] x86/PAT: MTRRs disabled, skipping PAT initialization too.
Mar  7 16:33:41 KevinSumaya systemd-resolved[284]: Positive Trust Anchors:
Mar  7 16:33:41 KevinSumaya kernel: [    0.000000] CPU MTRRs all blank - virtualized system.
Mar  7 16:33:41 KevinSumaya kernel: [    0.000000] x86/PAT: Configuration [0-7]: WB  WT  UC- UC  WB  WT  UC- UC  
Mar  7 16:33:41 KevinSumaya kernel: [    0.000000] last_pfn = 0xdfff0 max_arch_pfn = 0x400000000
Mar  7 16:33:41 KevinSumaya kernel: [    0.000000] found SMP MP-table at [mem 0x0009fff0-0x0009ffff] mapped at [(____ptrval____)]
Mar  7 16:33:41 KevinSumaya kernel: [    0.000000] Scanning 1 areas for low memory corruption
Mar  7 16:33:41 KevinSumaya systemd-resolved[284]: . IN DS 19036 8 2 49aac11d7b6f6446702e54a1607371607a1a41855200fd2ce1cdde32f24e8fb5
Mar  7 16:33:41 KevinSumaya kernel: [    0.000000] Base memory trampoline at [(____ptrval____)] 99000 size 24576
Mar  7 16:33:41 KevinSumaya kernel: [    0.000000] BRK [0x51963000, 0x51963fff] PGTABLE
Mar  7 16:33:41 KevinSumaya systemd-resolved[284]: . IN DS 20326 8 2 e06d44b80b8f1d39a95c0b0d7c65d08458e880409bbc683457104237c7f8ec8d
Mar  7 16:33:41 KevinSumaya kernel: [    0.000000] BRK [0x51964000, 0x51964fff] PGTABLE
Mar  7 16:33:41 KevinSumaya kernel: [    0.000000] BRK [0x51965000, 0x51965fff] PGTABLE
Mar  7 16:33:41 KevinSumaya kernel: [    0.000000] BRK [0x51966000, 0x51966fff] PGTABLE
Mar  7 16:33:41 KevinSumaya kernel: [    0.000000] BRK [0x51967000, 0x51967fff] PGTABLE
Mar  7 16:33:41 KevinSumaya kernel: [    0.000000] BRK [0x51968000, 0x51968fff] PGTABLE
Mar  7 16:33:41 KevinSumaya kernel: [    0.000000] BRK [0x51969000, 0x51969fff] PGTABLE
Mar  7 16:33:41 KevinSumaya systemd-resolved[284]: Negative trust anchors: 10.in-addr.arpa 16.172.in-addr.arpa 17.172.in-addr.arpa 18.172.in-addr.arpa 19.172.in-addr.arpa 20.172.in-addr.arpa 21.172.in-addr.arpa 22.172.in-addr.arpa 23.172.in-addr.arpa 24.172.in-addr.arpa 25.172.in-addr.arpa 26.172.in-addr.arpa 27.172.in-addr.arpa 28.172.in-addr.arpa 29.172.in-addr.arpa 30.172.in-addr.arpa 31.172.in-addr.arpa 168.192.in-addr.arpa d.f.ip6.arpa corp home internal intranet lan local private test
Mar  7 16:33:41 KevinSumaya kernel: [    0.000000] BRK [0x5196a000, 0x5196afff] PGTABLE
Mar  7 16:33:41 KevinSumaya kernel: [    0.000000] BRK [0x5196b000, 0x5196bfff] PGTABLE
Mar  7 16:33:41 KevinSumaya kernel: [    0.000000] RAMDISK: [mem 0x31241000-0x34917fff]
Mar  7 16:33:41 KevinSumaya kernel: [    0.000000] ACPI: Early table checksum verification disabled
Mar  7 16:33:41 KevinSumaya kernel: [    0.000000] ACPI: RSDP 0x00000000000E0000 000024 (v02 VBOX  )
Mar  7 16:33:41 KevinSumaya systemd-resolved[284]: Using system hostname 'KevinSumaya'.
Mar  7 16:33:41 KevinSumaya kernel: [    0.000000] ACPI: XSDT 0x00000000DFFF0030 00003C (v01 VBOX   VBOXXSDT 00000001 ASL  00000061)
Mar  7 16:33:41 KevinSumaya systemd[1]: Started Network Name Resolution.
Mar  7 16:33:41 KevinSumaya kernel: [    0.000000] ACPI: FACP 0x00000000DFFF00F0 0000F4 (v04 VBOX   VBOXFACP 00000001 ASL  00000061)
Mar  7 16:33:41 KevinSumaya kernel: [    0.000000] ACPI: DSDT 0x00000000DFFF0620 002353 (v02 VBOX   VBOXBIOS 00000002 INTL 20100528)
Mar  7 16:33:41 KevinSumaya kernel: [    0.000000] ACPI: FACS 0x00000000DFFF0200 000040
Mar  7 16:33:41 KevinSumaya systemd[1]: Reached target Host and Network Name Lookups.
Mar  7 16:33:41 KevinSumaya kernel: [    0.000000] ACPI: FACS 0x00000000DFFF0200 000040
Mar  7 16:33:41 KevinSumaya kernel: [    0.000000] ACPI: APIC 0x00000000DFFF0240 00006C (v02 VBOX   VBOXAPIC 00000001 ASL  00000061)
Mar  7 16:33:41 KevinSumaya kernel: [    0.000000] ACPI: SSDT 0x00000000DFFF02B0 00036C (v01 VBOX   VBOXCPUT 00000002 INTL 20100528)
Mar  7 16:33:41 KevinSumaya systemd-udevd[296]: link_config: autonegotiation is unset or enabled, the speed and duplex are not writable.
Mar  7 16:33:41 KevinSumaya kernel: [    0.000000] ACPI: Local APIC address 0xfee00000
Mar  7 16:33:41 KevinSumaya kernel: [    0.000000] No NUMA configuration found
Mar  7 16:33:41 KevinSumaya kernel: [    0.000000] Faking a node at [mem 0x0000000000000000-0x00000002359fffff]
Mar  7 16:33:41 KevinSumaya kernel: [    0.000000] NODE_DATA(0) allocated [mem 0x2359d1000-0x2359fbfff]
Mar  7 16:33:41 KevinSumaya kernel: [    0.000000] kvm-clock: cpu 0, msr 2:35950001, primary cpu clock
Mar  7 16:33:41 KevinSumaya kernel: [    0.000000] kvm-clock: Using msrs 4b564d01 and 4b564d00
Mar  7 16:33:41 KevinSumaya kernel: [    0.000000] kvm-clock: using sched offset of 424507853126 cycles
Mar  7 16:33:41 KevinSumaya kernel: [    0.000000] clocksource: kvm-clock: mask: 0xffffffffffffffff max_cycles: 0x1cd42e4dffb, max_idle_ns: 881590591483 ns
Mar  7 16:33:41 KevinSumaya kernel: [    0.000000] Zone ranges:
Mar  7 16:33:41 KevinSumaya kernel: [    0.000000]   DMA      [mem 0x0000000000001000-0x0000000000ffffff]
Mar  7 16:33:41 KevinSumaya kernel: [    0.000000]   DMA32    [mem 0x0000000001000000-0x00000000ffffffff]
Mar  7 16:33:41 KevinSumaya kernel: [    0.000000]   Normal   [mem 0x0000000100000000-0x00000002359fffff]
Mar  7 16:33:41 KevinSumaya kernel: [    0.000000]   Device   empty
Mar  7 16:33:41 KevinSumaya systemd-udevd[302]: link_config: autonegotiation is unset or enabled, the speed and duplex are not writable.
Mar  7 16:33:41 KevinSumaya kernel: [    0.000000] Movable zone start for each node
Mar  7 16:33:41 KevinSumaya kernel: [    0.000000] Early memory node ranges
Mar  7 16:33:41 KevinSumaya kernel: [    0.000000]   node   0: [mem 0x0000000000001000-0x000000000009efff]
Mar  7 16:33:41 KevinSumaya kernel: [    0.000000]   node   0: [mem 0x0000000000100000-0x00000000dffeffff]
Mar  7 16:33:41 KevinSumaya kernel: [    0.000000]   node   0: [mem 0x0000000100000000-0x00000002359fffff]
Mar  7 16:33:41 KevinSumaya kernel: [    0.000000] Reserved but unavailable: 114 pages
Mar  7 16:33:41 KevinSumaya kernel: [    0.000000] Initmem setup node 0 [mem 0x0000000000001000-0x00000002359fffff]
Mar  7 16:33:41 KevinSumaya mtp-probe: checking bus 2, device 2: "/sys/devices/pci0000:00/0000:00:06.0/usb2/2-1"
Mar  7 16:33:41 KevinSumaya kernel: [    0.000000] On node 0 totalpages: 2185614
Mar  7 16:33:41 KevinSumaya kernel: [    0.000000]   DMA zone: 64 pages used for memmap
Mar  7 16:33:41 KevinSumaya kernel: [    0.000000]   DMA zone: 21 pages reserved
Mar  7 16:33:41 KevinSumaya kernel: [    0.000000]   DMA zone: 3998 pages, LIFO batch:0
Mar  7 16:33:41 KevinSumaya kernel: [    0.000000]   DMA32 zone: 14272 pages used for memmap
Mar  7 16:33:41 KevinSumaya kernel: [    0.000000]   DMA32 zone: 913392 pages, LIFO batch:31
Mar  7 16:33:41 KevinSumaya kernel: [    0.000000]   Normal zone: 19816 pages used for memmap
Mar  7 16:33:41 KevinSumaya kernel: [    0.000000]   Normal zone: 1268224 pages, LIFO batch:31
Mar  7 16:33:41 KevinSumaya kernel: [    0.000000] ACPI: PM-Timer IO Port: 0x4008
Mar  7 16:33:41 KevinSumaya kernel: [    0.000000] ACPI: Local APIC address 0xfee00000
Mar  7 16:33:41 KevinSumaya kernel: [    0.000000] IOAPIC[0]: apic_id 4, version 32, address 0xfec00000, GSI 0-23
Mar  7 16:33:41 KevinSumaya kernel: [    0.000000] ACPI: INT_SRC_OVR (bus 0 bus_irq 0 global_irq 2 dfl dfl)
Mar  7 16:33:41 KevinSumaya kernel: [    0.000000] ACPI: INT_SRC_OVR (bus 0 bus_irq 9 global_irq 9 low level)
Mar  7 16:33:41 KevinSumaya kernel: [    0.000000] ACPI: IRQ0 used by override.
Mar  7 16:33:41 KevinSumaya kernel: [    0.000000] ACPI: IRQ9 used by override.
Mar  7 16:33:41 KevinSumaya kernel: [    0.000000] Using ACPI (MADT) for SMP configuration information
Mar  7 16:33:41 KevinSumaya kernel: [    0.000000] smpboot: Allowing 4 CPUs, 0 hotplug CPUs
Mar  7 16:33:41 KevinSumaya kernel: [    0.000000] PM: Registered nosave memory: [mem 0x00000000-0x00000fff]
Mar  7 16:33:41 KevinSumaya kernel: [    0.000000] PM: Registered nosave memory: [mem 0x0009f000-0x0009ffff]
Mar  7 16:33:41 KevinSumaya kernel: [    0.000000] PM: Registered nosave memory: [mem 0x000a0000-0x000effff]
Mar  7 16:33:41 KevinSumaya kernel: [    0.000000] PM: Registered nosave memory: [mem 0x000f0000-0x000fffff]
Mar  7 16:33:41 KevinSumaya kernel: [    0.000000] PM: Registered nosave memory: [mem 0xdfff0000-0xdfffffff]
Mar  7 16:33:41 KevinSumaya kernel: [    0.000000] PM: Registered nosave memory: [mem 0xe0000000-0xfebfffff]
Mar  7 16:33:41 KevinSumaya kernel: [    0.000000] PM: Registered nosave memory: [mem 0xfec00000-0xfec00fff]
Mar  7 16:33:41 KevinSumaya kernel: [    0.000000] PM: Registered nosave memory: [mem 0xfec01000-0xfedfffff]
Mar  7 16:33:41 KevinSumaya kernel: [    0.000000] PM: Registered nosave memory: [mem 0xfee00000-0xfee00fff]
Mar  7 16:33:41 KevinSumaya kernel: [    0.000000] PM: Registered nosave memory: [mem 0xfee01000-0xfffbffff]
Mar  7 16:33:41 KevinSumaya kernel: [    0.000000] PM: Registered nosave memory: [mem 0xfffc0000-0xffffffff]
Mar  7 16:33:41 KevinSumaya kernel: [    0.000000] [mem 0xe0000000-0xfebfffff] available for PCI devices
Mar  7 16:33:41 KevinSumaya kernel: [    0.000000] Booting paravirtualized kernel on KVM
Mar  7 16:33:41 KevinSumaya kernel: [    0.000000] clocksource: refined-jiffies: mask: 0xffffffff max_cycles: 0xffffffff, max_idle_ns: 7645519600211568 ns
Mar  7 16:33:41 KevinSumaya kernel: [    0.000000] random: get_random_bytes called from start_kernel+0x99/0x55a with crng_init=0
Mar  7 16:33:41 KevinSumaya kernel: [    0.000000] setup_percpu: NR_CPUS:8192 nr_cpumask_bits:4 nr_cpu_ids:4 nr_node_ids:1
Mar  7 16:33:41 KevinSumaya kernel: [    0.000000] percpu: Embedded 46 pages/cpu @(____ptrval____) s151552 r8192 d28672 u524288
Mar  7 16:33:41 KevinSumaya kernel: [    0.000000] pcpu-alloc: s151552 r8192 d28672 u524288 alloc=1*2097152
Mar  7 16:33:41 KevinSumaya kernel: [    0.000000] pcpu-alloc: [0] 0 1 2 3 
Mar  7 16:33:41 KevinSumaya kernel: [    0.000000] PV qspinlock hash table entries: 256 (order: 0, 4096 bytes)
Mar  7 16:33:41 KevinSumaya kernel: [    0.000000] Built 1 zonelists, mobility grouping on.  Total pages: 2151441
Mar  7 16:33:41 KevinSumaya kernel: [    0.000000] Policy zone: Normal
Mar  7 16:33:41 KevinSumaya kernel: [    0.000000] Kernel command line: BOOT_IMAGE=/boot/vmlinuz-4.18.0-15-generic root=UUID=4a50dd81-eacf-4ec3-8edb-5ae4efc1e762 ro quiet splash
Mar  7 16:33:41 KevinSumaya kernel: [    0.000000] Calgary: detecting Calgary via BIOS EBDA area
Mar  7 16:33:41 KevinSumaya kernel: [    0.000000] Calgary: Unable to locate Rio Grande table in EBDA - bailing!
Mar  7 16:33:41 KevinSumaya kernel: [    0.000000] Memory: 8453456K/8742456K available (12300K kernel code, 2633K rwdata, 4360K rodata, 2464K init, 2340K bss, 289000K reserved, 0K cma-reserved)
Mar  7 16:33:41 KevinSumaya kernel: [    0.000000] SLUB: HWalign=64, Order=0-3, MinObjects=0, CPUs=4, Nodes=1
Mar  7 16:33:41 KevinSumaya kernel: [    0.000000] ftrace: allocating 40831 entries in 160 pages
Mar  7 16:33:41 KevinSumaya kernel: [    0.004000] Hierarchical RCU implementation.
Mar  7 16:33:41 KevinSumaya kernel: [    0.004000] 	RCU restricting CPUs from NR_CPUS=8192 to nr_cpu_ids=4.
Mar  7 16:33:41 KevinSumaya kernel: [    0.004000] 	Tasks RCU enabled.
Mar  7 16:33:41 KevinSumaya kernel: [    0.004000] RCU: Adjusting geometry for rcu_fanout_leaf=16, nr_cpu_ids=4
Mar  7 16:33:41 KevinSumaya mtp-probe: bus: 2, device: 2 was not an MTP device
Mar  7 16:33:41 KevinSumaya systemd[1]: Listening on Load/Save RF Kill Switch Status /dev/rfkill Watch.
Mar  7 16:33:41 KevinSumaya apparmor[272]: Skipping profile in /etc/apparmor.d/disable: usr.bin.firefox
Mar  7 16:33:41 KevinSumaya apparmor[272]: Skipping profile in /etc/apparmor.d/disable: usr.sbin.rsyslogd
Mar  7 16:33:41 KevinSumaya apparmor[272]:    ...done.
Mar  7 16:33:41 KevinSumaya systemd[1]: Started AppArmor initialization.
Mar  7 16:33:41 KevinSumaya systemd[1]: Starting Raise network interfaces...
Mar  7 16:33:41 KevinSumaya systemd[1]: Reached target Sound Card.
Mar  7 16:33:41 KevinSumaya systemd[1]: Received SIGRTMIN+20 from PID 310 (plymouthd).
Mar  7 16:33:41 KevinSumaya systemd[1]: Started Show Plymouth Boot Screen.
Mar  7 16:33:41 KevinSumaya systemd[1]: Reached target Local Encrypted Volumes.
Mar  7 16:33:41 KevinSumaya systemd[1]: Reached target System Initialization.
Mar  7 16:33:41 KevinSumaya systemd[1]: Started ACPI Events Check.
Mar  7 16:33:41 KevinSumaya systemd[1]: Started Message of the Day.
Mar  7 16:33:41 KevinSumaya systemd[1]: Listening on D-Bus System Message Bus Socket.
Mar  7 16:33:41 KevinSumaya systemd[1]: Listening on CUPS Scheduler.
Mar  7 16:33:41 KevinSumaya systemd[1]: Started Discard unused blocks once a week.
Mar  7 16:33:41 KevinSumaya systemd[1]: Started Daily Cleanup of Temporary Directories.
Mar  7 16:33:41 KevinSumaya systemd[1]: Listening on Avahi mDNS/DNS-SD Stack Activation Socket.
Mar  7 16:33:41 KevinSumaya systemd[1]: Started Daily apt download activities.
Mar  7 16:33:41 KevinSumaya kernel: [    0.004000] NR_IRQS: 524544, nr_irqs: 456, preallocated irqs: 16
Mar  7 16:33:41 KevinSumaya kernel: [    0.004000] Console: colour VGA+ 80x25
Mar  7 16:33:41 KevinSumaya kernel: [    0.004000] console [tty0] enabled
Mar  7 16:33:41 KevinSumaya kernel: [    0.004000] ACPI: Core revision 20180531
Mar  7 16:33:41 KevinSumaya kernel: [    0.004000] APIC: Switch to symmetric I/O mode setup
Mar  7 16:33:41 KevinSumaya kernel: [    0.004000] ..TIMER: vector=0x30 apic1=0 pin1=2 apic2=-1 pin2=-1
Mar  7 16:33:41 KevinSumaya kernel: [    0.004000] tsc: Detected 2496.000 MHz processor
Mar  7 16:33:41 KevinSumaya kernel: [    0.004000] clocksource: tsc-early: mask: 0xffffffffffffffff max_cycles: 0x23fa772cf26, max_idle_ns: 440795269835 ns
Mar  7 16:33:41 KevinSumaya kernel: [    0.004000] Calibrating delay loop (skipped) preset value.. 4992.00 BogoMIPS (lpj=9984000)
Mar  7 16:33:41 KevinSumaya kernel: [    0.004000] pid_max: default: 32768 minimum: 301
Mar  7 16:33:41 KevinSumaya kernel: [    0.004000] Security Framework initialized
Mar  7 16:33:41 KevinSumaya kernel: [    0.004000] Yama: becoming mindful.
Mar  7 16:33:41 KevinSumaya kernel: [    0.004000] AppArmor: AppArmor initialized
Mar  7 16:33:41 KevinSumaya kernel: [    0.004000] Dentry cache hash table entries: 2097152 (order: 12, 16777216 bytes)
Mar  7 16:33:41 KevinSumaya kernel: [    0.004000] Inode-cache hash table entries: 1048576 (order: 11, 8388608 bytes)
Mar  7 16:33:41 KevinSumaya kernel: [    0.004000] Mount-cache hash table entries: 32768 (order: 6, 262144 bytes)
Mar  7 16:33:41 KevinSumaya kernel: [    0.004000] Mountpoint-cache hash table entries: 32768 (order: 6, 262144 bytes)
Mar  7 16:33:41 KevinSumaya kernel: [    0.004000] mce: CPU supports 0 MCE banks
Mar  7 16:33:41 KevinSumaya kernel: [    0.004000] Last level iTLB entries: 4KB 0, 2MB 0, 4MB 0
Mar  7 16:33:41 KevinSumaya kernel: [    0.004000] Last level dTLB entries: 4KB 0, 2MB 0, 4MB 0, 1GB 0
Mar  7 16:33:41 KevinSumaya kernel: [    0.004000] Spectre V2 : Mitigation: Enhanced IBRS
Mar  7 16:33:41 KevinSumaya kernel: [    0.004000] Spectre V2 : Spectre v2 / SpectreRSB mitigation: Filling RSB on context switch
Mar  7 16:33:41 KevinSumaya kernel: [    0.004000] Speculative Store Bypass: Vulnerable
Mar  7 16:33:41 KevinSumaya kernel: [    0.004000] Freeing SMP alternatives memory: 36K
Mar  7 16:33:41 KevinSumaya kernel: [    0.004000] smpboot: CPU0: 12th Gen Intel(R) Core(TM) i5-12400 (family: 0x6, model: 0x97, stepping: 0x2)
Mar  7 16:33:41 KevinSumaya kernel: [    0.004000] Performance Events: unsupported p6 CPU model 151 no PMU driver, software events only.
Mar  7 16:33:41 KevinSumaya kernel: [    0.004000] Hierarchical SRCU implementation.
Mar  7 16:33:41 KevinSumaya kernel: [    0.004000] NMI watchdog: Perf event create on CPU 0 failed with -2
Mar  7 16:33:41 KevinSumaya kernel: [    0.004000] NMI watchdog: Perf NMI watchdog permanently disabled
Mar  7 16:33:41 KevinSumaya kernel: [    0.004000] smp: Bringing up secondary CPUs ...
Mar  7 16:33:41 KevinSumaya kernel: [    0.004000] x86: Booting SMP configuration:
Mar  7 16:33:41 KevinSumaya kernel: [    0.004000] .... node  #0, CPUs:      #1
Mar  7 16:33:41 KevinSumaya kernel: [    0.004000] kvm-clock: cpu 1, msr 2:35950041, secondary cpu clock
Mar  7 16:33:41 KevinSumaya kernel: [    0.004000] mce: CPU supports 0 MCE banks
Mar  7 16:33:41 KevinSumaya kernel: [    0.004000] TSC synchronization [CPU#0 -> CPU#1]:
Mar  7 16:33:41 KevinSumaya kernel: [    0.004000] Measured 55145 cycles TSC warp between CPUs, turning off TSC clock.
Mar  7 16:33:41 KevinSumaya kernel: [    0.004000] tsc: Marking TSC unstable due to check_tsc_sync_source failed
Mar  7 16:33:41 KevinSumaya kernel: [    0.004072]  #2
Mar  7 16:33:41 KevinSumaya kernel: [    0.004000] kvm-clock: cpu 2, msr 2:35950081, secondary cpu clock
Mar  7 16:33:41 KevinSumaya kernel: [    0.004000] mce: CPU supports 0 MCE banks
Mar  7 16:33:41 KevinSumaya kernel: [    0.005993]  #3
Mar  7 16:33:41 KevinSumaya kernel: [    0.004000] kvm-clock: cpu 3, msr 2:359500c1, secondary cpu clock
Mar  7 16:33:41 KevinSumaya kernel: [    0.004000] mce: CPU supports 0 MCE banks
Mar  7 16:33:41 KevinSumaya kernel: [    0.008946] smp: Brought up 1 node, 4 CPUs
Mar  7 16:33:41 KevinSumaya kernel: [    0.008946] smpboot: Max logical packages: 1
Mar  7 16:33:41 KevinSumaya kernel: [    0.008946] smpboot: Total of 4 processors activated (19968.00 BogoMIPS)
Mar  7 16:33:41 KevinSumaya kernel: [    0.008946] devtmpfs: initialized
Mar  7 16:33:41 KevinSumaya kernel: [    0.008946] x86/mm: Memory block size: 128MB
Mar  7 16:33:41 KevinSumaya kernel: [    0.008946] clocksource: jiffies: mask: 0xffffffff max_cycles: 0xffffffff, max_idle_ns: 7645041785100000 ns
Mar  7 16:33:41 KevinSumaya kernel: [    0.008946] futex hash table entries: 1024 (order: 4, 65536 bytes)
Mar  7 16:33:41 KevinSumaya kernel: [    0.008946] pinctrl core: initialized pinctrl subsystem
Mar  7 16:33:41 KevinSumaya kernel: [    0.008946] RTC time:  8:33:33, date: 03/07/24
Mar  7 16:33:41 KevinSumaya kernel: [    0.012364] NET: Registered protocol family 16
Mar  7 16:33:41 KevinSumaya kernel: [    0.012399] audit: initializing netlink subsys (disabled)
Mar  7 16:33:41 KevinSumaya kernel: [    0.012466] audit: type=2000 audit(1709800838.613:1): state=initialized audit_enabled=0 res=1
Mar  7 16:33:41 KevinSumaya kernel: [    0.012466] cpuidle: using governor ladder
Mar  7 16:33:41 KevinSumaya kernel: [    0.012466] cpuidle: using governor menu
Mar  7 16:33:41 KevinSumaya kernel: [    0.012466] ACPI: bus type PCI registered
Mar  7 16:33:41 KevinSumaya kernel: [    0.012466] acpiphp: ACPI Hot Plug PCI Controller Driver version: 0.5
Mar  7 16:33:41 KevinSumaya kernel: [    0.012466] PCI: Using configuration type 1 for base access
Mar  7 16:33:41 KevinSumaya kernel: [    0.016161] HugeTLB registered 2.00 MiB page size, pre-allocated 0 pages
Mar  7 16:33:41 KevinSumaya kernel: [    0.016497] ACPI: Added _OSI(Module Device)
Mar  7 16:33:41 KevinSumaya kernel: [    0.016498] ACPI: Added _OSI(Processor Device)
Mar  7 16:33:41 KevinSumaya kernel: [    0.016498] ACPI: Added _OSI(3.0 _SCP Extensions)
Mar  7 16:33:41 KevinSumaya kernel: [    0.016499] ACPI: Added _OSI(Processor Aggregator Device)
Mar  7 16:33:41 KevinSumaya kernel: [    0.016500] ACPI: Added _OSI(Linux-Dell-Video)
Mar  7 16:33:41 KevinSumaya kernel: [    0.016501] ACPI: Added _OSI(Linux-Lenovo-NV-HDMI-Audio)
Mar  7 16:33:41 KevinSumaya kernel: [    0.017784] ACPI: 2 ACPI AML tables successfully acquired and loaded
Mar  7 16:33:41 KevinSumaya kernel: [    0.021296] ACPI: Interpreter enabled
Mar  7 16:33:41 KevinSumaya kernel: [    0.021303] ACPI: (supports S0 S5)
Mar  7 16:33:41 KevinSumaya kernel: [    0.021304] ACPI: Using IOAPIC for interrupt routing
Mar  7 16:33:41 KevinSumaya kernel: [    0.021512] PCI: Using host bridge windows from ACPI; if necessary, use "pci=nocrs" and report a bug
Mar  7 16:33:41 KevinSumaya kernel: [    0.021597] ACPI: Enabled 2 GPEs in block 00 to 07
Mar  7 16:33:41 KevinSumaya kernel: [    0.024939] ACPI: PCI Root Bridge [PCI0] (domain 0000 [bus 00-ff])
Mar  7 16:33:41 KevinSumaya kernel: [    0.024942] acpi PNP0A03:00: _OSC: OS supports [ASPM ClockPM Segments MSI]
Mar  7 16:33:41 KevinSumaya kernel: [    0.025510] acpi PNP0A03:00: _OSC: not requesting OS control; OS requires [ExtendedConfig ASPM ClockPM MSI]
Mar  7 16:33:41 KevinSumaya kernel: [    0.025519] acpi PNP0A03:00: fail to add MMCONFIG information, can't access extended PCI configuration space under this bridge.
Mar  7 16:33:41 KevinSumaya kernel: [    0.025888] PCI host bridge to bus 0000:00
Mar  7 16:33:41 KevinSumaya kernel: [    0.025890] pci_bus 0000:00: root bus resource [io  0x0000-0x0cf7 window]
Mar  7 16:33:41 KevinSumaya kernel: [    0.025891] pci_bus 0000:00: root bus resource [io  0x0d00-0xffff window]
Mar  7 16:33:41 KevinSumaya kernel: [    0.025892] pci_bus 0000:00: root bus resource [mem 0x000a0000-0x000bffff window]
Mar  7 16:33:41 KevinSumaya kernel: [    0.025893] pci_bus 0000:00: root bus resource [mem 0xe0000000-0xfdffffff window]
Mar  7 16:33:41 KevinSumaya kernel: [    0.025894] pci_bus 0000:00: root bus resource [bus 00-ff]
Mar  7 16:33:41 KevinSumaya kernel: [    0.025985] pci 0000:00:00.0: [8086:1237] type 00 class 0x060000
Mar  7 16:33:41 KevinSumaya kernel: [    0.028000] pci 0000:00:01.0: [8086:7000] type 00 class 0x060100
Mar  7 16:33:41 KevinSumaya kernel: [    0.029273] pci 0000:00:01.1: [8086:7111] type 00 class 0x01018a
Mar  7 16:33:41 KevinSumaya kernel: [    0.030098] pci 0000:00:01.1: reg 0x20: [io  0xd000-0xd00f]
Mar  7 16:33:41 KevinSumaya kernel: [    0.030428] pci 0000:00:01.1: legacy IDE quirk: reg 0x10: [io  0x01f0-0x01f7]
Mar  7 16:33:41 KevinSumaya kernel: [    0.030429] pci 0000:00:01.1: legacy IDE quirk: reg 0x14: [io  0x03f6]
Mar  7 16:33:41 KevinSumaya kernel: [    0.030430] pci 0000:00:01.1: legacy IDE quirk: reg 0x18: [io  0x0170-0x0177]
Mar  7 16:33:41 KevinSumaya kernel: [    0.030431] pci 0000:00:01.1: legacy IDE quirk: reg 0x1c: [io  0x0376]
Mar  7 16:33:41 KevinSumaya kernel: [    0.032000] pci 0000:00:02.0: [15ad:0405] type 00 class 0x030000
Mar  7 16:33:41 KevinSumaya kernel: [    0.032000] pci 0000:00:02.0: reg 0x10: [io  0xd010-0xd01f]
Mar  7 16:33:41 KevinSumaya kernel: [    0.032000] pci 0000:00:02.0: reg 0x14: [mem 0xe0000000-0xe0ffffff pref]
Mar  7 16:33:41 KevinSumaya systemd[1]: Starting Socket activation for snappy daemon.
Mar  7 16:33:41 KevinSumaya kernel: [    0.032000] pci 0000:00:02.0: reg 0x18: [mem 0xf0000000-0xf01fffff]
Mar  7 16:33:41 KevinSumaya kernel: [    0.033957] pci 0000:00:03.0: [8086:100e] type 00 class 0x020000
Mar  7 16:33:41 KevinSumaya kernel: [    0.034255] pci 0000:00:03.0: reg 0x10: [mem 0xf0200000-0xf021ffff]
Mar  7 16:33:41 KevinSumaya systemd[1]: Listening on UUID daemon activation socket.
Mar  7 16:33:41 KevinSumaya systemd[1]: Listening on ACPID Listen Socket.
Mar  7 16:33:41 KevinSumaya systemd[1]: Started Daily apt upgrade and clean activities.
Mar  7 16:33:41 KevinSumaya systemd[1]: Started Trigger anacron every hour.
Mar  7 16:33:41 KevinSumaya systemd[1]: Reached target Timers.
Mar  7 16:33:41 KevinSumaya systemd[1]: Started CUPS Scheduler.
Mar  7 16:33:41 KevinSumaya systemd[1]: Reached target Paths.
Mar  7 16:33:41 KevinSumaya systemd[1]: Started Forward Password Requests to Plymouth Directory Watch.
Mar  7 16:33:41 KevinSumaya systemd[1]: Listening on Socket activation for snappy daemon.
Mar  7 16:33:41 KevinSumaya systemd[1]: Reached target Sockets.
Mar  7 16:33:41 KevinSumaya systemd[1]: Reached target Basic System.
Mar  7 16:33:41 KevinSumaya systemd[1]: Starting LSB: Speech Dispatcher...
Mar  7 16:33:41 KevinSumaya systemd[1]: Starting Login Service...
Mar  7 16:33:41 KevinSumaya systemd[1]: Reached target Login Prompts.
Mar  7 16:33:41 KevinSumaya systemd[1]: Starting LSB: automatic crash report generation...
Mar  7 16:33:41 KevinSumaya systemd[1]: Starting Modem Manager...
Mar  7 16:33:41 KevinSumaya systemd[1]: Starting Avahi mDNS/DNS-SD Stack...
Mar  7 16:33:41 KevinSumaya systemd[1]: Starting System Logging Service...
Mar  7 16:33:41 KevinSumaya systemd[1]: Starting Restore /etc/resolv.conf if the system crashed before the ppp link was shut down...
Mar  7 16:33:41 KevinSumaya systemd[1]: Started Regular background program processing daemon.
Mar  7 16:33:41 KevinSumaya systemd[1]: Starting Disk Manager...
Mar  7 16:33:41 KevinSumaya systemd[1]: Started D-Bus System Message Bus.
Mar  7 16:33:41 KevinSumaya cron[543]: (CRON) INFO (pidfile fd = 3)
Mar  7 16:33:41 KevinSumaya cron[543]: (CRON) INFO (Running @reboot jobs)
Mar  7 16:33:41 KevinSumaya avahi-daemon[522]: Found user 'avahi' (UID 116) and group 'avahi' (GID 122).
Mar  7 16:33:41 KevinSumaya avahi-daemon[522]: Successfully dropped root privileges.
Mar  7 16:33:41 KevinSumaya avahi-daemon[522]: avahi-daemon 0.7 starting up.
Mar  7 16:33:41 KevinSumaya ModemManager[521]: <info>  ModemManager (version 1.6.8) starting in system bus...
Mar  7 16:33:41 KevinSumaya rsyslogd: imuxsock: Acquired UNIX socket '/run/systemd/journal/syslog' (fd 3) from systemd.  [v8.32.0]
Mar  7 16:33:41 KevinSumaya kernel: [    0.034514] pci 0000:00:03.0: reg 0x18: [io  0xd020-0xd027]
Mar  7 16:33:41 KevinSumaya rsyslogd: rsyslogd's groupid changed to 106
Mar  7 16:33:41 KevinSumaya rsyslogd: rsyslogd's userid changed to 102
Mar  7 16:33:41 KevinSumaya kernel: [    0.036000] pci 0000:00:04.0: [80ee:cafe] type 00 class 0x088000
Mar  7 16:33:41 KevinSumaya kernel: [    0.036000] pci 0000:00:04.0: reg 0x10: [io  0xd040-0xd05f]
Mar  7 16:33:41 KevinSumaya rsyslogd:  [origin software="rsyslogd" swVersion="8.32.0" x-pid="523" x-info="http://www.rsyslog.com"] start
Mar  7 16:33:41 KevinSumaya kernel: [    0.036000] pci 0000:00:04.0: reg 0x14: [mem 0xf0400000-0xf07fffff]
Mar  7 16:33:41 KevinSumaya kernel: [    0.036000] pci 0000:00:04.0: reg 0x18: [mem 0xf0800000-0xf0803fff pref]
Mar  7 16:33:41 KevinSumaya kernel: [    0.038573] pci 0000:00:05.0: [8086:2415] type 00 class 0x040100
Mar  7 16:33:41 KevinSumaya kernel: [    0.038777] pci 0000:00:05.0: reg 0x10: [io  0xd100-0xd1ff]
Mar  7 16:33:41 KevinSumaya kernel: [    0.038885] pci 0000:00:05.0: reg 0x14: [io  0xd200-0xd23f]
Mar  7 16:33:41 KevinSumaya kernel: [    0.040000] pci 0000:00:06.0: [106b:003f] type 00 class 0x0c0310
Mar  7 16:33:41 KevinSumaya kernel: [    0.040000] pci 0000:00:06.0: reg 0x10: [mem 0xf0804000-0xf0804fff]
Mar  7 16:33:41 KevinSumaya kernel: [    0.041816] pci 0000:00:07.0: [8086:7113] type 00 class 0x068000
Mar  7 16:33:41 KevinSumaya kernel: [    0.042586] pci 0000:00:07.0: quirk: [io  0x4000-0x403f] claimed by PIIX4 ACPI
Mar  7 16:33:41 KevinSumaya kernel: [    0.042603] pci 0000:00:07.0: quirk: [io  0x4100-0x410f] claimed by PIIX4 SMB
Mar  7 16:33:41 KevinSumaya kernel: [    0.047873] pci 0000:00:0b.0: [8086:265c] type 00 class 0x0c0320
Mar  7 16:33:41 KevinSumaya kernel: [    0.048000] pci 0000:00:0b.0: reg 0x10: [mem 0xf0805000-0xf0805fff]
Mar  7 16:33:41 KevinSumaya kernel: [    0.050069] pci 0000:00:0d.0: [8086:2829] type 00 class 0x010601
Mar  7 16:33:41 KevinSumaya kernel: [    0.050343] pci 0000:00:0d.0: reg 0x10: [io  0xd240-0xd247]
Mar  7 16:33:41 KevinSumaya kernel: [    0.050462] pci 0000:00:0d.0: reg 0x14: [io  0xd248-0xd24b]
Mar  7 16:33:41 KevinSumaya kernel: [    0.050580] pci 0000:00:0d.0: reg 0x18: [io  0xd250-0xd257]
Mar  7 16:33:41 KevinSumaya kernel: [    0.050697] pci 0000:00:0d.0: reg 0x1c: [io  0xd258-0xd25b]
Mar  7 16:33:41 KevinSumaya kernel: [    0.050814] pci 0000:00:0d.0: reg 0x20: [io  0xd260-0xd26f]
Mar  7 16:33:41 KevinSumaya kernel: [    0.050948] pci 0000:00:0d.0: reg 0x24: [mem 0xf0806000-0xf0807fff]
Mar  7 16:33:41 KevinSumaya kernel: [    0.072000] ACPI: PCI Interrupt Link [LNKA] (IRQs 5 9 10 *11)
Mar  7 16:33:41 KevinSumaya kernel: [    0.072000] ACPI: PCI Interrupt Link [LNKB] (IRQs 5 9 *10 11)
Mar  7 16:33:41 KevinSumaya kernel: [    0.072000] ACPI: PCI Interrupt Link [LNKC] (IRQs 5 *9 10 11)
Mar  7 16:33:41 KevinSumaya kernel: [    0.072000] ACPI: PCI Interrupt Link [LNKD] (IRQs 5 9 10 *11)
Mar  7 16:33:41 KevinSumaya kernel: [    0.072033] SCSI subsystem initialized
Mar  7 16:33:41 KevinSumaya kernel: [    0.072248] libata version 3.00 loaded.
Mar  7 16:33:41 KevinSumaya kernel: [    0.072248] pci 0000:00:02.0: vgaarb: setting as boot VGA device
Mar  7 16:33:41 KevinSumaya kernel: [    0.072248] pci 0000:00:02.0: vgaarb: VGA device added: decodes=io+mem,owns=io+mem,locks=none
Mar  7 16:33:41 KevinSumaya kernel: [    0.072248] pci 0000:00:02.0: vgaarb: bridge control possible
Mar  7 16:33:41 KevinSumaya kernel: [    0.072248] vgaarb: loaded
Mar  7 16:33:41 KevinSumaya kernel: [    0.072248] ACPI: bus type USB registered
Mar  7 16:33:41 KevinSumaya kernel: [    0.072248] usbcore: registered new interface driver usbfs
Mar  7 16:33:41 KevinSumaya kernel: [    0.072248] usbcore: registered new interface driver hub
Mar  7 16:33:41 KevinSumaya kernel: [    0.072369] usbcore: registered new device driver usb
Mar  7 16:33:41 KevinSumaya kernel: [    0.072382] pps_core: LinuxPPS API ver. 1 registered
Mar  7 16:33:41 KevinSumaya kernel: [    0.072383] pps_core: Software ver. 5.3.6 - Copyright 2005-2007 Rodolfo Giometti <giometti@linux.it>
Mar  7 16:33:41 KevinSumaya kernel: [    0.072384] PTP clock support registered
Mar  7 16:33:41 KevinSumaya kernel: [    0.076267] EDAC MC: Ver: 3.0.0
Mar  7 16:33:41 KevinSumaya kernel: [    0.076702] PCI: Using ACPI for IRQ routing
Mar  7 16:33:41 KevinSumaya kernel: [    0.076702] PCI: pci_cache_line_size set to 64 bytes
Mar  7 16:33:41 KevinSumaya kernel: [    0.076702] e820: reserve RAM buffer [mem 0x0009fc00-0x0009ffff]
Mar  7 16:33:41 KevinSumaya kernel: [    0.076702] e820: reserve RAM buffer [mem 0xdfff0000-0xdfffffff]
Mar  7 16:33:41 KevinSumaya kernel: [    0.076702] e820: reserve RAM buffer [mem 0x235a00000-0x237ffffff]
Mar  7 16:33:41 KevinSumaya kernel: [    0.076702] NetLabel: Initializing
Mar  7 16:33:41 KevinSumaya kernel: [    0.076702] NetLabel:  domain hash size = 128
Mar  7 16:33:41 KevinSumaya kernel: [    0.076702] NetLabel:  protocols = UNLABELED CIPSOv4 CALIPSO
Mar  7 16:33:41 KevinSumaya kernel: [    0.076702] NetLabel:  unlabeled traffic allowed by default
Mar  7 16:33:41 KevinSumaya kernel: [    0.080000] clocksource: Switched to clocksource kvm-clock
Mar  7 16:33:41 KevinSumaya kernel: [    0.089483] VFS: Disk quotas dquot_6.6.0
Mar  7 16:33:41 KevinSumaya kernel: [    0.089493] VFS: Dquot-cache hash table entries: 512 (order 0, 4096 bytes)
Mar  7 16:33:41 KevinSumaya kernel: [    0.089561] AppArmor: AppArmor Filesystem Enabled
Mar  7 16:33:41 KevinSumaya kernel: [    0.089574] pnp: PnP ACPI init
Mar  7 16:33:41 KevinSumaya kernel: [    0.089611] pnp 00:00: Plug and Play ACPI device, IDs PNP0303 (active)
Mar  7 16:33:41 KevinSumaya kernel: [    0.089655] pnp 00:01: Plug and Play ACPI device, IDs PNP0f03 (active)
Mar  7 16:33:41 KevinSumaya kernel: [    0.090275] pnp: PnP ACPI: found 2 devices
Mar  7 16:33:41 KevinSumaya kernel: [    0.110903] clocksource: acpi_pm: mask: 0xffffff max_cycles: 0xffffff, max_idle_ns: 2085701024 ns
Mar  7 16:33:41 KevinSumaya kernel: [    0.110908] pci_bus 0000:00: resource 4 [io  0x0000-0x0cf7 window]
Mar  7 16:33:41 KevinSumaya kernel: [    0.110909] pci_bus 0000:00: resource 5 [io  0x0d00-0xffff window]
Mar  7 16:33:41 KevinSumaya kernel: [    0.110910] pci_bus 0000:00: resource 6 [mem 0x000a0000-0x000bffff window]
Mar  7 16:33:41 KevinSumaya kernel: [    0.110911] pci_bus 0000:00: resource 7 [mem 0xe0000000-0xfdffffff window]
Mar  7 16:33:41 KevinSumaya kernel: [    0.110943] NET: Registered protocol family 2
Mar  7 16:33:41 KevinSumaya kernel: [    0.111087] tcp_listen_portaddr_hash hash table entries: 8192 (order: 5, 131072 bytes)
Mar  7 16:33:41 KevinSumaya kernel: [    0.111111] TCP established hash table entries: 131072 (order: 8, 1048576 bytes)
Mar  7 16:33:41 KevinSumaya kernel: [    0.111239] TCP bind hash table entries: 65536 (order: 8, 1048576 bytes)
Mar  7 16:33:41 KevinSumaya kernel: [    0.111329] TCP: Hash tables configured (established 131072 bind 65536)
Mar  7 16:33:41 KevinSumaya kernel: [    0.111357] UDP hash table entries: 8192 (order: 6, 262144 bytes)
Mar  7 16:33:41 KevinSumaya kernel: [    0.111385] UDP-Lite hash table entries: 8192 (order: 6, 262144 bytes)
Mar  7 16:33:41 KevinSumaya kernel: [    0.111427] NET: Registered protocol family 1
Mar  7 16:33:41 KevinSumaya kernel: [    0.111430] NET: Registered protocol family 44
Mar  7 16:33:41 KevinSumaya kernel: [    0.111433] pci 0000:00:00.0: Limiting direct PCI/PCI transfers
Mar  7 16:33:41 KevinSumaya kernel: [    0.111474] pci 0000:00:01.0: Activating ISA DMA hang workarounds
Mar  7 16:33:41 KevinSumaya kernel: [    0.111552] pci 0000:00:02.0: Video device with shadowed ROM at [mem 0x000c0000-0x000dffff]
Mar  7 16:33:41 KevinSumaya kernel: [    0.113776] PCI: CLS 0 bytes, default 64
Mar  7 16:33:41 KevinSumaya kernel: [    0.113796] Unpacking initramfs...
Mar  7 16:33:41 KevinSumaya kernel: [    0.604157] Freeing initrd memory: 56156K
Mar  7 16:33:41 KevinSumaya kernel: [    0.604157] PCI-DMA: Using software bounce buffering for IO (SWIOTLB)
Mar  7 16:33:41 KevinSumaya kernel: [    0.604157] software IO TLB [mem 0xdbff0000-0xdfff0000] (64MB) mapped at [(____ptrval____)-(____ptrval____)]
Mar  7 16:33:41 KevinSumaya kernel: [    0.604157] platform rtc_cmos: registered platform RTC device (no PNP device found)
Mar  7 16:33:41 KevinSumaya kernel: [    0.604157] Scanning for low memory corruption every 60 seconds
Mar  7 16:33:41 KevinSumaya kernel: [    0.607462] Initialise system trusted keyrings
Mar  7 16:33:41 KevinSumaya kernel: [    0.607468] Key type blacklist registered
Mar  7 16:33:41 KevinSumaya kernel: [    0.607885] workingset: timestamp_bits=36 max_order=22 bucket_order=0
Mar  7 16:33:41 KevinSumaya kernel: [    0.608545] zbud: loaded
Mar  7 16:33:41 KevinSumaya kernel: [    0.609127] squashfs: version 4.0 (2009/01/31) Phillip Lougher
Mar  7 16:33:41 KevinSumaya kernel: [    0.609724] fuse init (API version 7.27)
Mar  7 16:33:41 KevinSumaya kernel: [    0.609976] pstore: using deflate compression
Mar  7 16:33:41 KevinSumaya kernel: [    0.627271] Key type asymmetric registered
Mar  7 16:33:41 KevinSumaya kernel: [    0.627272] Asymmetric key parser 'x509' registered
Mar  7 16:33:41 KevinSumaya kernel: [    0.627295] Block layer SCSI generic (bsg) driver version 0.4 loaded (major 244)
Mar  7 16:33:41 KevinSumaya kernel: [    0.627830] io scheduler noop registered
Mar  7 16:33:41 KevinSumaya kernel: [    0.627830] io scheduler deadline registered
Mar  7 16:33:41 KevinSumaya kernel: [    0.627853] io scheduler cfq registered (default)
Mar  7 16:33:41 KevinSumaya kernel: [    0.628531] shpchp: Standard Hot Plug PCI Controller Driver version: 0.4
Mar  7 16:33:41 KevinSumaya kernel: [    0.628557] intel_idle: does not run on family 6 model 151
Mar  7 16:33:41 KevinSumaya kernel: [    0.628630] ACPI: AC Adapter [AC] (on-line)
Mar  7 16:33:41 KevinSumaya kernel: [    0.628654] input: Power Button as /devices/LNXSYSTM:00/LNXPWRBN:00/input/input0
Mar  7 16:33:41 KevinSumaya kernel: [    0.628661] ACPI: Power Button [PWRF]
Mar  7 16:33:41 KevinSumaya kernel: [    0.628706] input: Sleep Button as /devices/LNXSYSTM:00/LNXSLPBN:00/input/input1
Mar  7 16:33:41 KevinSumaya kernel: [    0.628709] ACPI: Sleep Button [SLPF]
Mar  7 16:33:41 KevinSumaya kernel: [    0.629747] Serial: 8250/16550 driver, 32 ports, IRQ sharing enabled
Mar  7 16:33:41 KevinSumaya kernel: [    0.638838] Linux agpgart interface v0.103
Mar  7 16:33:41 KevinSumaya kernel: [    0.641797] loop: module loaded
Mar  7 16:33:41 KevinSumaya kernel: [    0.641851] ata_piix 0000:00:01.1: version 2.13
Mar  7 16:33:41 KevinSumaya kernel: [    0.642772] scsi host0: ata_piix
Mar  7 16:33:41 KevinSumaya kernel: [    0.643275] scsi host1: ata_piix
Mar  7 16:33:41 KevinSumaya kernel: [    0.643294] ata1: PATA max UDMA/33 cmd 0x1f0 ctl 0x3f6 bmdma 0xd000 irq 14
Mar  7 16:33:41 KevinSumaya kernel: [    0.643295] ata2: PATA max UDMA/33 cmd 0x170 ctl 0x376 bmdma 0xd008 irq 15
Mar  7 16:33:41 KevinSumaya kernel: [    0.643372] libphy: Fixed MDIO Bus: probed
Mar  7 16:33:41 KevinSumaya kernel: [    0.643373] tun: Universal TUN/TAP device driver, 1.6
Mar  7 16:33:41 KevinSumaya kernel: [    0.643955] PPP generic driver version 2.4.2
Mar  7 16:33:41 KevinSumaya kernel: [    0.644229] ehci_hcd: USB 2.0 'Enhanced' Host Controller (EHCI) Driver
Mar  7 16:33:41 KevinSumaya kernel: [    0.644232] ehci-pci: EHCI PCI platform driver
Mar  7 16:33:41 KevinSumaya kernel: [    0.644767] ehci-pci 0000:00:0b.0: EHCI Host Controller
Mar  7 16:33:41 KevinSumaya kernel: [    0.644770] ehci-pci 0000:00:0b.0: new USB bus registered, assigned bus number 1
Mar  7 16:33:41 KevinSumaya kernel: [    0.645282] ehci-pci 0000:00:0b.0: irq 19, io mem 0xf0805000
Mar  7 16:33:41 KevinSumaya kernel: [    0.669414] ehci-pci 0000:00:0b.0: USB 2.0 started, EHCI 1.00
Mar  7 16:33:41 KevinSumaya kernel: [    0.669507] usb usb1: New USB device found, idVendor=1d6b, idProduct=0002, bcdDevice= 4.18
Mar  7 16:33:41 KevinSumaya kernel: [    0.669508] usb usb1: New USB device strings: Mfr=3, Product=2, SerialNumber=1
Mar  7 16:33:41 KevinSumaya kernel: [    0.669509] usb usb1: Product: EHCI Host Controller
Mar  7 16:33:41 KevinSumaya kernel: [    0.669510] usb usb1: Manufacturer: Linux 4.18.0-15-generic ehci_hcd
Mar  7 16:33:41 KevinSumaya kernel: [    0.669510] usb usb1: SerialNumber: 0000:00:0b.0
Mar  7 16:33:41 KevinSumaya kernel: [    0.669822] hub 1-0:1.0: USB hub found
Mar  7 16:33:41 KevinSumaya kernel: [    0.669825] hub 1-0:1.0: 12 ports detected
Mar  7 16:33:41 KevinSumaya kernel: [    0.670109] ehci-platform: EHCI generic platform driver
Mar  7 16:33:41 KevinSumaya kernel: [    0.670117] ohci_hcd: USB 1.1 'Open' Host Controller (OHCI) Driver
Mar  7 16:33:41 KevinSumaya kernel: [    0.670121] ohci-pci: OHCI PCI platform driver
Mar  7 16:33:41 KevinSumaya kernel: [    0.670655] ohci-pci 0000:00:06.0: OHCI PCI host controller
Mar  7 16:33:41 KevinSumaya kernel: [    0.670658] ohci-pci 0000:00:06.0: new USB bus registered, assigned bus number 2
Mar  7 16:33:41 KevinSumaya kernel: [    0.670898] ohci-pci 0000:00:06.0: irq 22, io mem 0xf0804000
Mar  7 16:33:41 KevinSumaya kernel: [    0.729412] usb usb2: New USB device found, idVendor=1d6b, idProduct=0001, bcdDevice= 4.18
Mar  7 16:33:41 KevinSumaya kernel: [    0.729414] usb usb2: New USB device strings: Mfr=3, Product=2, SerialNumber=1
Mar  7 16:33:41 KevinSumaya kernel: [    0.729414] usb usb2: Product: OHCI PCI host controller
Mar  7 16:33:41 KevinSumaya kernel: [    0.729415] usb usb2: Manufacturer: Linux 4.18.0-15-generic ohci_hcd
Mar  7 16:33:41 KevinSumaya kernel: [    0.729416] usb usb2: SerialNumber: 0000:00:06.0
Mar  7 16:33:41 KevinSumaya kernel: [    0.729721] hub 2-0:1.0: USB hub found
Mar  7 16:33:41 KevinSumaya kernel: [    0.729755] hub 2-0:1.0: 12 ports detected
Mar  7 16:33:41 KevinSumaya kernel: [    0.730282] ohci-platform: OHCI generic platform driver
Mar  7 16:33:41 KevinSumaya kernel: [    0.730289] uhci_hcd: USB Universal Host Controller Interface driver
Mar  7 16:33:41 KevinSumaya kernel: [    0.730318] i8042: PNP: PS/2 Controller [PNP0303:PS2K,PNP0f03:PS2M] at 0x60,0x64 irq 1,12
Mar  7 16:33:41 KevinSumaya kernel: [    0.731910] serio: i8042 KBD port at 0x60,0x64 irq 1
Mar  7 16:33:41 KevinSumaya kernel: [    0.732017] serio: i8042 AUX port at 0x60,0x64 irq 12
Mar  7 16:33:41 KevinSumaya kernel: [    0.732444] mousedev: PS/2 mouse device common for all mice
Mar  7 16:33:41 KevinSumaya kernel: [    0.734685] input: AT Translated Set 2 keyboard as /devices/platform/i8042/serio0/input/input2
Mar  7 16:33:41 KevinSumaya kernel: [    0.734729] rtc_cmos rtc_cmos: registered as rtc0
Mar  7 16:33:41 KevinSumaya kernel: [    0.734740] rtc_cmos rtc_cmos: alarms up to one day, 114 bytes nvram
Mar  7 16:33:41 KevinSumaya kernel: [    0.734745] i2c /dev entries driver
Mar  7 16:33:41 KevinSumaya kernel: [    0.734748] pcie_mp2_amd: AMD(R) PCI-E MP2 Communication Driver Version: 1.0
Mar  7 16:33:41 KevinSumaya kernel: [    0.734792] device-mapper: uevent: version 1.0.3
Mar  7 16:33:41 KevinSumaya kernel: [    0.735455] device-mapper: ioctl: 4.39.0-ioctl (2018-04-03) initialised: dm-devel@redhat.com
Mar  7 16:33:41 KevinSumaya kernel: [    0.736228] ledtrig-cpu: registered to indicate activity on CPUs
Mar  7 16:33:41 KevinSumaya kernel: [    0.737417] NET: Registered protocol family 10
Mar  7 16:33:41 KevinSumaya kernel: [    0.742610] Segment Routing with IPv6
Mar  7 16:33:41 KevinSumaya kernel: [    0.742622] NET: Registered protocol family 17
Mar  7 16:33:41 KevinSumaya kernel: [    0.742905] Key type dns_resolver registered
Mar  7 16:33:41 KevinSumaya kernel: [    0.743884] RAS: Correctable Errors collector initialized.
Mar  7 16:33:41 KevinSumaya kernel: [    0.743890] sched_clock: Marking stable (743861730, 0)->(983042014, -239180284)
Mar  7 16:33:41 KevinSumaya kernel: [    0.748000] registered taskstats version 1
Mar  7 16:33:41 KevinSumaya kernel: [    0.748006] Loading compiled-in X.509 certificates
Mar  7 16:33:41 KevinSumaya kernel: [    0.750491] Loaded X.509 cert 'Build time autogenerated kernel key: 93c6e076713d738d171f44766725faeef9510f02'
Mar  7 16:33:41 KevinSumaya kernel: [    0.750508] zswap: loaded using pool lzo/zbud
Mar  7 16:33:41 KevinSumaya kernel: [    0.758980] Key type big_key registered
Mar  7 16:33:41 KevinSumaya kernel: [    0.758982] Key type trusted registered
Mar  7 16:33:41 KevinSumaya kernel: [    0.760817] Key type encrypted registered
Mar  7 16:33:41 KevinSumaya kernel: [    0.760819] AppArmor: AppArmor sha1 policy hashing enabled
Mar  7 16:33:41 KevinSumaya kernel: [    0.760822] ima: No TPM chip found, activating TPM-bypass! (rc=-19)
Mar  7 16:33:41 KevinSumaya kernel: [    0.760826] ima: Allocated hash algorithm: sha1
Mar  7 16:33:41 KevinSumaya kernel: [    0.760834] evm: Initialising EVM extended attributes:
Mar  7 16:33:41 KevinSumaya kernel: [    0.760835] evm: security.selinux
Mar  7 16:33:41 KevinSumaya kernel: [    0.760835] evm: security.SMACK64
Mar  7 16:33:41 KevinSumaya kernel: [    0.760836] evm: security.SMACK64EXEC
Mar  7 16:33:41 KevinSumaya kernel: [    0.760836] evm: security.SMACK64TRANSMUTE
Mar  7 16:33:41 KevinSumaya kernel: [    0.760836] evm: security.SMACK64MMAP
Mar  7 16:33:41 KevinSumaya kernel: [    0.760837] evm: security.apparmor
Mar  7 16:33:41 KevinSumaya kernel: [    0.760837] evm: security.ima
Mar  7 16:33:41 KevinSumaya kernel: [    0.760837] evm: security.capability
Mar  7 16:33:41 KevinSumaya kernel: [    0.760838] evm: HMAC attrs: 0x1
Mar  7 16:33:41 KevinSumaya kernel: [    0.760971]   Magic number: 0:383:573
Mar  7 16:33:41 KevinSumaya kernel: [    0.761282] rtc_cmos rtc_cmos: setting system clock to 2024-03-07 08:33:34 UTC (1709800414)
Mar  7 16:33:41 KevinSumaya kernel: [    0.822349] ata2.00: ATAPI: VBOX CD-ROM, 1.0, max UDMA/133
Mar  7 16:33:41 KevinSumaya kernel: [    0.824017] scsi 1:0:0:0: CD-ROM            VBOX     CD-ROM           1.0  PQ: 0 ANSI: 5
Mar  7 16:33:41 KevinSumaya kernel: [    0.862044] sr 1:0:0:0: [sr0] scsi3-mmc drive: 32x/32x xa/form2 tray
Mar  7 16:33:41 KevinSumaya kernel: [    0.862046] cdrom: Uniform CD-ROM driver Revision: 3.20
Mar  7 16:33:41 KevinSumaya kernel: [    0.862374] sr 1:0:0:0: Attached scsi CD-ROM sr0
Mar  7 16:33:41 KevinSumaya kernel: [    0.862698] sr 1:0:0:0: Attached scsi generic sg0 type 5
Mar  7 16:33:41 KevinSumaya kernel: [    0.865450] Freeing unused kernel image memory: 2464K
Mar  7 16:33:41 KevinSumaya kernel: [    0.906688] Write protecting the kernel read-only data: 20480k
Mar  7 16:33:41 KevinSumaya kernel: [    0.907871] Freeing unused kernel image memory: 2008K
Mar  7 16:33:41 KevinSumaya kernel: [    0.908303] Freeing unused kernel image memory: 1784K
Mar  7 16:33:41 KevinSumaya kernel: [    0.911913] x86/mm: Checked W+X mappings: passed, no W+X pages found.
Mar  7 16:33:41 KevinSumaya kernel: [    0.952874] ACPI: Video Device [GFX0] (multi-head: yes  rom: no  post: no)
Mar  7 16:33:41 KevinSumaya kernel: [    0.952914] input: Video Bus as /devices/LNXSYSTM:00/LNXSYBUS:00/PNP0A03:00/LNXVIDEO:00/input/input4
Mar  7 16:33:41 KevinSumaya kernel: [    0.954551] piix4_smbus 0000:00:07.0: SMBus Host Controller at 0x4100, revision 0
Mar  7 16:33:41 KevinSumaya kernel: [    0.960755] ahci 0000:00:0d.0: version 3.0
Mar  7 16:33:41 KevinSumaya kernel: [    0.961773] ahci 0000:00:0d.0: SSS flag set, parallel bus scan disabled
Mar  7 16:33:41 KevinSumaya kernel: [    0.962334] ahci 0000:00:0d.0: AHCI 0001.0100 32 slots 1 ports 3 Gbps 0x1 impl SATA mode
Mar  7 16:33:41 KevinSumaya kernel: [    0.962336] ahci 0000:00:0d.0: flags: 64bit ncq stag only ccc 
Mar  7 16:33:41 KevinSumaya kernel: [    0.966902] scsi host2: ahci
Mar  7 16:33:41 KevinSumaya kernel: [    0.967030] ata3: SATA max UDMA/133 abar m8192@0xf0806000 port 0xf0806100 irq 21
Mar  7 16:33:41 KevinSumaya kernel: [    0.967712] e1000: Intel(R) PRO/1000 Network Driver - version 7.3.21-k8-NAPI
Mar  7 16:33:41 KevinSumaya kernel: [    0.967713] e1000: Copyright (c) 1999-2006 Intel Corporation.
Mar  7 16:33:41 KevinSumaya kernel: [    0.983741] [drm] DMA map mode: Using physical TTM page addresses.
Mar  7 16:33:41 KevinSumaya kernel: [    0.983879] [drm] Capabilities:
Mar  7 16:33:41 KevinSumaya kernel: [    0.983880] [drm]   Rect copy.
Mar  7 16:33:41 KevinSumaya kernel: [    0.983880] [drm]   Cursor.
Mar  7 16:33:41 KevinSumaya kernel: [    0.983880] [drm]   Cursor bypass.
Mar  7 16:33:41 KevinSumaya kernel: [    0.983881] [drm]   Cursor bypass 2.
Mar  7 16:33:41 KevinSumaya kernel: [    0.983881] [drm]   Alpha cursor.
Mar  7 16:33:41 KevinSumaya kernel: [    0.983881] [drm]   Extended Fifo.
Mar  7 16:33:41 KevinSumaya kernel: [    0.983882] [drm]   Pitchlock.
Mar  7 16:33:41 KevinSumaya kernel: [    0.983882] [drm]   Irq mask.
Mar  7 16:33:41 KevinSumaya kernel: [    0.983882] [drm]   GMR.
Mar  7 16:33:41 KevinSumaya kernel: [    0.983882] [drm]   Traces.
Mar  7 16:33:41 KevinSumaya kernel: [    0.983883] [drm]   GMR2.
Mar  7 16:33:41 KevinSumaya kernel: [    0.983883] [drm]   Screen Object 2.
Mar  7 16:33:41 KevinSumaya kernel: [    0.983883] [drm]   Command Buffers.
Mar  7 16:33:41 KevinSumaya kernel: [    0.983884] [drm] Max GMR ids is 8192
Mar  7 16:33:41 KevinSumaya kernel: [    0.983884] [drm] Max number of GMR pages is 1048576
Mar  7 16:33:41 KevinSumaya kernel: [    0.983885] [drm] Max dedicated hypervisor surface memory is 507904 kiB
Mar  7 16:33:41 KevinSumaya kernel: [    0.983885] [drm] Maximum display memory size is 16384 kiB
Mar  7 16:33:41 KevinSumaya kernel: [    0.983886] [drm] VRAM at 0xe0000000 size is 16384 kiB
Mar  7 16:33:41 KevinSumaya kernel: [    0.983886] [drm] MMIO at 0xf0000000 size is 2048 kiB
Mar  7 16:33:41 KevinSumaya kernel: [    0.983888] [drm] global init.
Mar  7 16:33:41 KevinSumaya kernel: [    0.986608] [TTM] Zone  kernel: Available graphics memory: 4257952 kiB
Mar  7 16:33:41 KevinSumaya kernel: [    0.986609] [TTM] Zone   dma32: Available graphics memory: 2097152 kiB
Mar  7 16:33:41 KevinSumaya kernel: [    0.986609] [TTM] Initializing pool allocator
Mar  7 16:33:41 KevinSumaya kernel: [    0.986611] [TTM] Initializing DMA pool allocator
Mar  7 16:33:41 KevinSumaya kernel: [    0.987064] [drm] Supports vblank timestamp caching Rev 2 (21.10.2013).
Mar  7 16:33:41 KevinSumaya kernel: [    0.987065] [drm] No driver support for vblank timestamp query.
Mar  7 16:33:41 KevinSumaya kernel: [    0.987368] [drm] Screen Objects Display Unit initialized
Mar  7 16:33:41 KevinSumaya kernel: [    0.987409] [drm] width 720
Mar  7 16:33:41 KevinSumaya kernel: [    0.987431] [drm] height 400
Mar  7 16:33:41 KevinSumaya kernel: [    0.987452] [drm] bpp 32
Mar  7 16:33:41 KevinSumaya kernel: [    0.987653] [drm] Fifo max 0x00200000 min 0x00001000 cap 0x00000355
Mar  7 16:33:41 KevinSumaya kernel: [    0.987771] [drm] Using command buffers with DMA pool.
Mar  7 16:33:41 KevinSumaya kernel: [    0.987777] [drm] DX: no.
Mar  7 16:33:41 KevinSumaya kernel: [    0.987777] [drm] Atomic: yes
Mar  7 16:33:41 KevinSumaya kernel: [    0.987795] [drm:vmw_host_log [vmwgfx]] *ERROR* Failed to send log
Mar  7 16:33:41 KevinSumaya kernel: [    0.989396] [drm:vmw_host_log [vmwgfx]] *ERROR* Failed to send log
Mar  7 16:33:41 KevinSumaya kernel: [    0.993729] fbcon: svgadrmfb (fb0) is primary device
Mar  7 16:33:41 KevinSumaya kernel: [    1.024832] Console: switching to colour frame buffer device 100x37
Mar  7 16:33:41 KevinSumaya kernel: [    1.026390] [drm] Initialized vmwgfx 2.14.1 20180322 for 0000:00:02.0 on minor 0
Mar  7 16:33:41 KevinSumaya kernel: [    1.175166] usb 2-1: new full-speed USB device number 2 using ohci-pci
Mar  7 16:33:41 KevinSumaya kernel: [    1.183347] input: ImExPS/2 Generic Explorer Mouse as /devices/platform/i8042/serio1/input/input5
Mar  7 16:33:41 KevinSumaya kernel: [    1.281911] ata3: SATA link up 3.0 Gbps (SStatus 123 SControl 300)
Mar  7 16:33:41 KevinSumaya kernel: [    1.282218] ata3.00: ATA-6: VBOX HARDDISK, 1.0, max UDMA/133
Mar  7 16:33:41 KevinSumaya kernel: [    1.282219] ata3.00: 52428800 sectors, multi 128: LBA48 NCQ (depth 32)
Mar  7 16:33:41 KevinSumaya kernel: [    1.282761] ata3.00: configured for UDMA/133
Mar  7 16:33:41 KevinSumaya kernel: [    1.282891] scsi 2:0:0:0: Direct-Access     ATA      VBOX HARDDISK    1.0  PQ: 0 ANSI: 5
Mar  7 16:33:41 KevinSumaya kernel: [    1.283076] sd 2:0:0:0: [sda] 52428800 512-byte logical blocks: (26.8 GB/25.0 GiB)
Mar  7 16:33:41 KevinSumaya kernel: [    1.283081] sd 2:0:0:0: [sda] Write Protect is off
Mar  7 16:33:41 KevinSumaya kernel: [    1.283082] sd 2:0:0:0: [sda] Mode Sense: 00 3a 00 00
Mar  7 16:33:41 KevinSumaya kernel: [    1.283088] sd 2:0:0:0: [sda] Write cache: enabled, read cache: enabled, doesn't support DPO or FUA
Mar  7 16:33:41 KevinSumaya kernel: [    1.283259] sd 2:0:0:0: Attached scsi generic sg1 type 0
Mar  7 16:33:41 KevinSumaya kernel: [    1.316693]  sda: sda1
Mar  7 16:33:41 KevinSumaya kernel: [    1.317004] sd 2:0:0:0: [sda] Attached SCSI disk
Mar  7 16:33:41 KevinSumaya kernel: [    1.478201] e1000 0000:00:03.0 eth0: (PCI:33MHz:32-bit) 08:00:27:19:1a:0b
Mar  7 16:33:41 KevinSumaya kernel: [    1.478204] e1000 0000:00:03.0 eth0: Intel(R) PRO/1000 Network Connection
Mar  7 16:33:41 KevinSumaya kernel: [    1.479591] e1000 0000:00:03.0 enp0s3: renamed from eth0
Mar  7 16:33:41 KevinSumaya kernel: [    1.489256] usb 2-1: New USB device found, idVendor=80ee, idProduct=0021, bcdDevice= 1.00
Mar  7 16:33:41 KevinSumaya kernel: [    1.489257] usb 2-1: New USB device strings: Mfr=1, Product=3, SerialNumber=0
Mar  7 16:33:41 KevinSumaya kernel: [    1.489258] usb 2-1: Product: USB Tablet
Mar  7 16:33:41 KevinSumaya kernel: [    1.489259] usb 2-1: Manufacturer: VirtualBox
Mar  7 16:33:41 KevinSumaya kernel: [    1.497719] hidraw: raw HID events driver (C) Jiri Kosina
Mar  7 16:33:41 KevinSumaya kernel: [    1.511834] usbcore: registered new interface driver usbhid
Mar  7 16:33:41 KevinSumaya kernel: [    1.511835] usbhid: USB HID core driver
Mar  7 16:33:41 KevinSumaya kernel: [    1.515112] input: VirtualBox USB Tablet as /devices/pci0000:00/0000:00:06.0/usb2/2-1/2-1:1.0/0003:80EE:0021.0001/input/input6
Mar  7 16:33:41 KevinSumaya kernel: [    1.515551] hid-generic 0003:80EE:0021.0001: input,hidraw0: USB HID v1.10 Mouse [VirtualBox USB Tablet] on usb-0000:00:06.0-1/input0
Mar  7 16:33:41 KevinSumaya kernel: [    1.623147] EXT4-fs (sda1): mounted filesystem with ordered data mode. Opts: (null)
Mar  7 16:33:41 KevinSumaya kernel: [    1.625014] random: fast init done
Mar  7 16:33:41 KevinSumaya kernel: [    2.364444] random: systemd: uninitialized urandom read (16 bytes read)
Mar  7 16:33:41 KevinSumaya kernel: [    2.385284] systemd[1]: systemd 237 running in system mode. (+PAM +AUDIT +SELINUX +IMA +APPARMOR +SMACK +SYSVINIT +UTMP +LIBCRYPTSETUP +GCRYPT +GNUTLS +ACL +XZ +LZ4 +SECCOMP +BLKID +ELFUTILS +KMOD -IDN2 +IDN -PCRE2 default-hierarchy=hybrid)
Mar  7 16:33:41 KevinSumaya kernel: [    2.385299] systemd[1]: Detected virtualization oracle.
Mar  7 16:33:41 KevinSumaya kernel: [    2.385749] systemd[1]: Detected architecture x86-64.
Mar  7 16:33:41 KevinSumaya kernel: [    2.385779] random: systemd: uninitialized urandom read (16 bytes read)
Mar  7 16:33:41 KevinSumaya kernel: [    2.385783] random: systemd: uninitialized urandom read (16 bytes read)
Mar  7 16:33:41 KevinSumaya kernel: [    2.437877] systemd[1]: Set hostname to <KevinSumaya>.
Mar  7 16:33:41 KevinSumaya kernel: [    2.474815] systemd[1]: Initializing machine ID from random generator.
Mar  7 16:33:41 KevinSumaya kernel: [    2.474845] systemd[1]: Installed transient /etc/machine-id file.
Mar  7 16:33:41 KevinSumaya kernel: [    3.408426] systemd[1]: Reached target User and Group Name Lookups.
Mar  7 16:33:41 KevinSumaya kernel: [    3.408536] systemd[1]: Created slice User and Session Slice.
Mar  7 16:33:41 KevinSumaya kernel: [    3.408581] systemd[1]: Created slice System Slice.
Mar  7 16:33:41 KevinSumaya kernel: [    3.408618] systemd[1]: Listening on Journal Socket (/dev/log).
Mar  7 16:33:41 KevinSumaya kernel: [    3.648354] EXT4-fs (sda1): re-mounted. Opts: errors=remount-ro
Mar  7 16:33:41 KevinSumaya kernel: [    3.741149] Adding 1214880k swap on /swapfile.  Priority:-2 extents:5 across:1247648k FS
Mar  7 16:33:41 KevinSumaya kernel: [    3.777916] systemd-journald[251]: Received request to flush runtime journal from PID 1
Mar  7 16:33:41 KevinSumaya kernel: [    3.951871] lp: driver loaded but no devices found
Mar  7 16:33:41 KevinSumaya kernel: [    4.055379] ppdev: user-space parallel port driver
Mar  7 16:33:41 KevinSumaya kernel: [    4.384996] random: crng init done
Mar  7 16:33:41 KevinSumaya kernel: [    4.385137] random: 7 urandom warning(s) missed due to ratelimiting
Mar  7 16:33:41 KevinSumaya kernel: [    5.375381] vgdrvHeartbeatInit: Setting up heartbeat to trigger every 2000 milliseconds
Mar  7 16:33:41 KevinSumaya kernel: [    5.375469] input: Unspecified device as /devices/pci0000:00/0000:00:04.0/input/input7
Mar  7 16:33:41 KevinSumaya kernel: [    5.375557] vboxguest: misc device minor 55, IRQ 20, I/O port d040, MMIO at 00000000f0400000 (size 0x400000)
Mar  7 16:33:41 KevinSumaya kernel: [    5.375558] vboxguest: Successfully loaded version 5.2.18_KernelUbuntu (interface 0x00010004)
Mar  7 16:33:41 KevinSumaya kernel: [    5.397441] cryptd: max_cpu_qlen set to 1000
Mar  7 16:33:41 KevinSumaya kernel: [    5.599753] SSE version of gcm_enc/dec engaged.
Mar  7 16:33:41 KevinSumaya kernel: [    6.277043] audit: type=1400 audit(1709800420.012:2): apparmor="STATUS" operation="profile_load" profile="unconfined" name="/usr/bin/man" pid=429 comm="apparmor_parser"
Mar  7 16:33:41 KevinSumaya kernel: [    6.277047] audit: type=1400 audit(1709800420.012:3): apparmor="STATUS" operation="profile_load" profile="unconfined" name="man_filter" pid=429 comm="apparmor_parser"
Mar  7 16:33:41 KevinSumaya kernel: [    6.277048] audit: type=1400 audit(1709800420.012:4): apparmor="STATUS" operation="profile_load" profile="unconfined" name="man_groff" pid=429 comm="apparmor_parser"
Mar  7 16:33:41 KevinSumaya kernel: [    6.393706] audit: type=1400 audit(1709800420.128:5): apparmor="STATUS" operation="profile_load" profile="unconfined" name="libreoffice-oopslash" pid=449 comm="apparmor_parser"
Mar  7 16:33:41 KevinSumaya kernel: [    6.394226] audit: type=1400 audit(1709800420.128:6): apparmor="STATUS" operation="profile_load" profile="unconfined" name="libreoffice-senddoc" pid=468 comm="apparmor_parser"
Mar  7 16:33:41 KevinSumaya kernel: [    6.439426] audit: type=1400 audit(1709800420.172:7): apparmor="STATUS" operation="profile_load" profile="unconfined" name="libreoffice-xpdfimport" pid=474 comm="apparmor_parser"
Mar  7 16:33:41 KevinSumaya kernel: [    6.526104] audit: type=1400 audit(1709800420.260:8): apparmor="STATUS" operation="profile_load" profile="unconfined" name="/sbin/dhclient" pid=426 comm="apparmor_parser"
Mar  7 16:33:41 KevinSumaya kernel: [    6.526107] audit: type=1400 audit(1709800420.260:9): apparmor="STATUS" operation="profile_load" profile="unconfined" name="/usr/lib/NetworkManager/nm-dhcp-client.action" pid=426 comm="apparmor_parser"
Mar  7 16:33:41 KevinSumaya kernel: [    6.526109] audit: type=1400 audit(1709800420.260:10): apparmor="STATUS" operation="profile_load" profile="unconfined" name="/usr/lib/NetworkManager/nm-dhcp-helper" pid=426 comm="apparmor_parser"
Mar  7 16:33:41 KevinSumaya kernel: [    6.526110] audit: type=1400 audit(1709800420.260:11): apparmor="STATUS" operation="profile_load" profile="unconfined" name="/usr/lib/connman/scripts/dhclient-script" pid=426 comm="apparmor_parser"
Mar  7 16:33:41 KevinSumaya kernel: [    6.693032] snd_intel8x0 0000:00:05.0: white list rate for 1028:0177 is 48000
Mar  7 16:33:41 KevinSumaya systemd-udevd[305]: Process '/usr/sbin/alsactl -E HOME=/run/alsa restore 0' failed with exit code 99.
Mar  7 16:33:41 KevinSumaya dbus-daemon[545]: dbus[545]: Unknown group "power" in message bus configuration file
Mar  7 16:33:41 KevinSumaya dbus-daemon[545]: [system] AppArmor D-Bus mediation is enabled
Mar  7 16:33:41 KevinSumaya systemd[1]: Started Login Service.
Mar  7 16:33:41 KevinSumaya avahi-daemon[522]: Successfully called chroot().
Mar  7 16:33:41 KevinSumaya systemd[1]: Starting WPA supplicant...
Mar  7 16:33:41 KevinSumaya avahi-daemon[522]: Successfully dropped remaining capabilities.
Mar  7 16:33:41 KevinSumaya systemd[1]: Starting Network Manager...
Mar  7 16:33:41 KevinSumaya dbus-daemon[545]: [system] Activating via systemd: service name='org.freedesktop.PolicyKit1' unit='polkit.service' requested by ':1.4' (uid=0 pid=521 comm="/usr/sbin/ModemManager " label="unconfined")
Mar  7 16:33:41 KevinSumaya systemd[1]: Starting Detect the available GPUs and deal with any system changes...
Mar  7 16:33:41 KevinSumaya systemd[1]: Starting Accounts Service...
Mar  7 16:33:41 KevinSumaya avahi-daemon[522]: No service file found in /etc/avahi/services.
Mar  7 16:33:41 KevinSumaya systemd[1]: Started irqbalance daemon.
Mar  7 16:33:41 KevinSumaya systemd[1]: Starting Save/Restore Sound Card State...
Mar  7 16:33:41 KevinSumaya systemd[1]: Started CUPS Scheduler.
Mar  7 16:33:41 KevinSumaya systemd[1]: Starting Thermal Daemon Service...
Mar  7 16:33:41 KevinSumaya systemd[1]: Starting LSB: Record successful boot for GRUB...
Mar  7 16:33:41 KevinSumaya systemd[1]: Started Run anacron jobs.
Mar  7 16:33:41 KevinSumaya anacron[575]: Anacron 2.3 started on 2024-03-07
Mar  7 16:33:41 KevinSumaya anacron[575]: Will run job `cron.daily' in 5 min.
Mar  7 16:33:41 KevinSumaya anacron[575]: Will run job `cron.weekly' in 10 min.
Mar  7 16:33:41 KevinSumaya anacron[575]: Will run job `cron.monthly' in 15 min.
Mar  7 16:33:41 KevinSumaya anacron[575]: Jobs will be executed sequentially
Mar  7 16:33:41 KevinSumaya avahi-daemon[522]: Joining mDNS multicast group on interface lo.IPv6 with address ::1.
Mar  7 16:33:41 KevinSumaya avahi-daemon[522]: New relevant interface lo.IPv6 for mDNS.
Mar  7 16:33:41 KevinSumaya avahi-daemon[522]: Joining mDNS multicast group on interface lo.IPv4 with address 127.0.0.1.
Mar  7 16:33:41 KevinSumaya avahi-daemon[522]: New relevant interface lo.IPv4 for mDNS.
Mar  7 16:33:41 KevinSumaya avahi-daemon[522]: Network interface enumeration completed.
Mar  7 16:33:41 KevinSumaya avahi-daemon[522]: Registering new address record for ::1 on lo.*.
Mar  7 16:33:41 KevinSumaya avahi-daemon[522]: Registering new address record for 127.0.0.1 on lo.IPv4.
Mar  7 16:33:41 KevinSumaya systemd[1]: Started ACPI event daemon.
Mar  7 16:33:41 KevinSumaya systemd[1]: Starting Dispatcher daemon for systemd-networkd...
Mar  7 16:33:41 KevinSumaya systemd[1]: Starting Snappy daemon...
Mar  7 16:33:41 KevinSumaya systemd[1]: Started System Logging Service.
Mar  7 16:33:41 KevinSumaya systemd[1]: Started Raise network interfaces.
Mar  7 16:33:41 KevinSumaya systemd[1]: Started Restore /etc/resolv.conf if the system crashed before the ppp link was shut down.
Mar  7 16:33:41 KevinSumaya alsactl[595]: /usr/sbin/alsactl: load_state:1683: Cannot open /var/lib/alsa/asound.state for reading: No such file or directory
Mar  7 16:33:41 KevinSumaya alsactl[595]: Found hardware: "ICH" "Analog Devices AD1980" "AC97a:41445370" "0x1028" "0x0177"
Mar  7 16:33:41 KevinSumaya alsactl[595]: Hardware is initialized using a generic method
Mar  7 16:33:41 KevinSumaya systemd[1]: Started Save/Restore Sound Card State.
Mar  7 16:33:41 KevinSumaya systemd[1]: Started Avahi mDNS/DNS-SD Stack.
Mar  7 16:33:41 KevinSumaya apport[520]:  * Starting automatic crash report generation: apport
Mar  7 16:33:41 KevinSumaya systemd[1]: Starting Authorization Manager...
Mar  7 16:33:41 KevinSumaya systemd[1]: Started Make remote CUPS printers available locally.
Mar  7 16:33:41 KevinSumaya gpu-manager[568]: Error: can't open /lib/modules/4.18.0-15-generic/updates/dkms
Mar  7 16:33:41 KevinSumaya gpu-manager[568]: Error: can't open /lib/modules/4.18.0-15-generic/updates/dkms
Mar  7 16:33:41 KevinSumaya systemd[1]: Started Detect the available GPUs and deal with any system changes.
Mar  7 16:33:41 KevinSumaya grub-common[574]:  * Recording successful boot for GRUB
Mar  7 16:33:41 KevinSumaya speech-dispatcher[516]:  * speech-dispatcher disabled; edit /etc/default/speech-dispatcher
Mar  7 16:33:41 KevinSumaya systemd[1]: Started LSB: Speech Dispatcher.
Mar  7 16:33:41 KevinSumaya acpid: starting up with netlink and the input layer
Mar  7 16:33:41 KevinSumaya apport[520]:    ...done.
Mar  7 16:33:41 KevinSumaya systemd[1]: Started LSB: automatic crash report generation.
Mar  7 16:33:42 KevinSumaya acpid: 8 rules loaded
Mar  7 16:33:42 KevinSumaya acpid: waiting for events: event logging is off
Mar  7 16:33:42 KevinSumaya systemd[1]: Started Thermal Daemon Service.
Mar  7 16:33:42 KevinSumaya thermald[573]: NO RAPL sysfs present
Mar  7 16:33:42 KevinSumaya thermald[573]: 22 CPUID levels; family:model:stepping 0x6:97:2 (6:151:2)
Mar  7 16:33:42 KevinSumaya thermald[573]:  Need Linux PowerCap sysfs
Mar  7 16:33:42 KevinSumaya avahi-daemon[522]: Server startup complete. Host name is KevinSumaya.local. Local service cookie is 727171096.
Mar  7 16:33:42 KevinSumaya systemd[1]: Started WPA supplicant.
Mar  7 16:33:42 KevinSumaya wpa_supplicant[566]: Successfully initialized wpa_supplicant
Mar  7 16:33:44 KevinSumaya snapd[594]: AppArmor status: apparmor is enabled and all features are available
Mar  7 16:33:44 KevinSumaya thermald[573]: Unsupported cpu model, use thermal-conf.xml file or run with --ignore-cpuid-check
Mar  7 16:33:44 KevinSumaya thermald[573]: THD engine start failed
Mar  7 16:33:44 KevinSumaya grub-common[574]:    ...done.
Mar  7 16:33:44 KevinSumaya systemd[1]: Started LSB: Record successful boot for GRUB.
Mar  7 16:33:44 KevinSumaya NetworkManager[567]: <info>  [1709800424.3884] NetworkManager (version 1.10.6) is starting... (for the first time)
Mar  7 16:33:44 KevinSumaya NetworkManager[567]: <info>  [1709800424.3884] Read config: /etc/NetworkManager/NetworkManager.conf (lib: 10-dns-resolved.conf, 20-connectivity-ubuntu.conf, no-mac-addr-change.conf) (run: 10-globally-managed-devices.conf) (etc: default-wifi-powersave-on.conf)
Mar  7 16:33:44 KevinSumaya NetworkManager[567]: <info>  [1709800424.4399] manager[0x559edad6f060]: monitoring kernel firmware directory '/lib/firmware'.
Mar  7 16:33:44 KevinSumaya NetworkManager[567]: <info>  [1709800424.4399] monitoring ifupdown state file '/run/network/ifstate'.
Mar  7 16:33:44 KevinSumaya dbus-daemon[545]: [system] Activating via systemd: service name='org.freedesktop.hostname1' unit='dbus-org.freedesktop.hostname1.service' requested by ':1.8' (uid=0 pid=567 comm="/usr/sbin/NetworkManager --no-daemon " label="unconfined")
Mar  7 16:33:44 KevinSumaya systemd[1]: Starting Hostname Service...
Mar  7 16:33:44 KevinSumaya polkitd[600]: started daemon version 0.105 using authority implementation `local' version `0.105'
Mar  7 16:33:44 KevinSumaya dbus-daemon[545]: [system] Successfully activated service 'org.freedesktop.PolicyKit1'
Mar  7 16:33:44 KevinSumaya systemd[1]: Started Authorization Manager.
Mar  7 16:33:44 KevinSumaya accounts-daemon[569]: started daemon version 0.6.45
Mar  7 16:33:44 KevinSumaya systemd[1]: Started Accounts Service.
Mar  7 16:33:45 KevinSumaya systemd[1]: Started Modem Manager.
Mar  7 16:33:45 KevinSumaya dbus-daemon[545]: [system] Successfully activated service 'org.freedesktop.hostname1'
Mar  7 16:33:45 KevinSumaya systemd[1]: Started Hostname Service.
Mar  7 16:33:45 KevinSumaya NetworkManager[567]: <info>  [1709800425.0771] hostname: hostname: using hostnamed
Mar  7 16:33:45 KevinSumaya NetworkManager[567]: <info>  [1709800425.0771] hostname: hostname changed from (none) to "KevinSumaya"
Mar  7 16:33:45 KevinSumaya NetworkManager[567]: <info>  [1709800425.0774] dns-mgr[0x559edad8e160]: init: dns=systemd-resolved, rc-manager=symlink, plugin=systemd-resolved
Mar  7 16:33:45 KevinSumaya NetworkManager[567]: <info>  [1709800425.0785] manager[0x559edad6f060]: rfkill: WiFi hardware radio set enabled
Mar  7 16:33:45 KevinSumaya NetworkManager[567]: <info>  [1709800425.0786] manager[0x559edad6f060]: rfkill: WWAN hardware radio set enabled
Mar  7 16:33:45 KevinSumaya networkd-dispatcher[593]: WARNING: systemd-networkd is not running, output will be incomplete.
Mar  7 16:33:45 KevinSumaya systemd[1]: Started Network Manager.
Mar  7 16:33:45 KevinSumaya systemd[1]: Starting Network Manager Wait Online...
Mar  7 16:33:45 KevinSumaya systemd[1]: Reached target Network.
Mar  7 16:33:45 KevinSumaya systemd[1]: Starting Permit User Sessions...
Mar  7 16:33:45 KevinSumaya systemd[1]: Started Unattended Upgrades Shutdown.
Mar  7 16:33:45 KevinSumaya systemd[1]: Started Dispatcher daemon for systemd-networkd.
Mar  7 16:33:45 KevinSumaya dbus-daemon[545]: [system] Activating via systemd: service name='org.freedesktop.nm_dispatcher' unit='dbus-org.freedesktop.nm-dispatcher.service' requested by ':1.8' (uid=0 pid=567 comm="/usr/sbin/NetworkManager --no-daemon " label="unconfined")
Mar  7 16:33:45 KevinSumaya udisksd[544]: udisks daemon version 2.7.6 starting
Mar  7 16:33:45 KevinSumaya systemd[1]: Starting Network Manager Script Dispatcher Service...
Mar  7 16:33:45 KevinSumaya snapd[594]: helpers.go:145: error trying to compare the snap system key: system-key missing on disk
Mar  7 16:33:45 KevinSumaya snapd[594]: daemon.go:379: started snapd/2.37.1.1+18.04 (series 16; classic) ubuntu/18.04 (amd64) linux/4.18.0-15-generic.
Mar  7 16:33:45 KevinSumaya systemd[1]: Started Permit User Sessions.
Mar  7 16:33:45 KevinSumaya systemd[1]: Starting Hold until boot process finishes up...
Mar  7 16:33:45 KevinSumaya systemd[1]: Starting GNOME Display Manager...
Mar  7 16:33:45 KevinSumaya dbus-daemon[545]: [system] Successfully activated service 'org.freedesktop.nm_dispatcher'
Mar  7 16:33:45 KevinSumaya systemd[1]: Started Network Manager Script Dispatcher Service.
Mar  7 16:33:45 KevinSumaya udisksd[544]: failed to load module mdraid: libbd_mdraid.so.2: cannot open shared object file: No such file or directory
Mar  7 16:33:45 KevinSumaya systemd[1]: Started Snappy daemon.
Mar  7 16:33:45 KevinSumaya systemd[1]: Starting Wait until snapd is fully seeded...
Mar  7 16:33:45 KevinSumaya NetworkManager[567]: <info>  [1709800425.5436] init!
Mar  7 16:33:45 KevinSumaya NetworkManager[567]: <info>  [1709800425.5441]       interface-parser: parsing file /etc/network/interfaces
Mar  7 16:33:45 KevinSumaya NetworkManager[567]: <info>  [1709800425.5442]       interface-parser: finished parsing file /etc/network/interfaces
Mar  7 16:33:45 KevinSumaya NetworkManager[567]: <info>  [1709800425.5442] management mode: unmanaged
Mar  7 16:33:45 KevinSumaya NetworkManager[567]: <info>  [1709800425.5444] devices added (path: /sys/devices/pci0000:00/0000:00:03.0/net/enp0s3, iface: enp0s3)
Mar  7 16:33:45 KevinSumaya NetworkManager[567]: <info>  [1709800425.5444] device added (path: /sys/devices/pci0000:00/0000:00:03.0/net/enp0s3, iface: enp0s3): no ifupdown configuration found.
Mar  7 16:33:45 KevinSumaya NetworkManager[567]: <info>  [1709800425.5444] devices added (path: /sys/devices/virtual/net/lo, iface: lo)
Mar  7 16:33:45 KevinSumaya NetworkManager[567]: <info>  [1709800425.5444] device added (path: /sys/devices/virtual/net/lo, iface: lo): no ifupdown configuration found.
Mar  7 16:33:45 KevinSumaya NetworkManager[567]: <info>  [1709800425.5444] end _init.
Mar  7 16:33:45 KevinSumaya NetworkManager[567]: <info>  [1709800425.5444] settings: loaded plugin ifupdown: (C) 2008 Canonical Ltd.  To report bugs please use the NetworkManager mailing list. (/usr/lib/x86_64-linux-gnu/NetworkManager/libnm-settings-plugin-ifupdown.so)
Mar  7 16:33:45 KevinSumaya NetworkManager[567]: <info>  [1709800425.5445] settings: loaded plugin keyfile: (c) 2007 - 2016 Red Hat, Inc.  To report bugs please use the NetworkManager mailing list.
Mar  7 16:33:45 KevinSumaya NetworkManager[567]: <info>  [1709800425.5445] (-623202176) ... get_connections.
Mar  7 16:33:45 KevinSumaya NetworkManager[567]: <info>  [1709800425.5445] (-623202176) ... get_connections (managed=false): return empty list.
Mar  7 16:33:45 KevinSumaya NetworkManager[567]: <info>  [1709800425.5561] get unmanaged devices count: 0
Mar  7 16:33:45 KevinSumaya NetworkManager[567]: <info>  [1709800425.5562] manager: rfkill: WiFi enabled by radio killswitch; enabled by state file
Mar  7 16:33:45 KevinSumaya NetworkManager[567]: <info>  [1709800425.5562] manager: rfkill: WWAN enabled by radio killswitch; enabled by state file
Mar  7 16:33:45 KevinSumaya NetworkManager[567]: <info>  [1709800425.5562] manager: Networking is enabled by state file
Mar  7 16:33:45 KevinSumaya NetworkManager[567]: <info>  [1709800425.5563] dhcp-init: Using DHCP client 'dhclient'
Mar  7 16:33:45 KevinSumaya nm-dispatcher: req:1 'hostname': new request (1 scripts)
Mar  7 16:33:45 KevinSumaya nm-dispatcher: req:1 'hostname': start running ordered scripts...
Mar  7 16:33:45 KevinSumaya NetworkManager[567]: <info>  [1709800425.5683] Loaded device plugin: NMBondDeviceFactory (internal)
Mar  7 16:33:45 KevinSumaya NetworkManager[567]: <info>  [1709800425.5684] Loaded device plugin: NMBridgeDeviceFactory (internal)
Mar  7 16:33:45 KevinSumaya NetworkManager[567]: <info>  [1709800425.5684] Loaded device plugin: NMDummyDeviceFactory (internal)
Mar  7 16:33:45 KevinSumaya NetworkManager[567]: <info>  [1709800425.5684] Loaded device plugin: NMEthernetDeviceFactory (internal)
Mar  7 16:33:45 KevinSumaya NetworkManager[567]: <info>  [1709800425.5684] Loaded device plugin: NMInfinibandDeviceFactory (internal)
Mar  7 16:33:45 KevinSumaya NetworkManager[567]: <info>  [1709800425.5684] Loaded device plugin: NMIPTunnelDeviceFactory (internal)
Mar  7 16:33:45 KevinSumaya NetworkManager[567]: <info>  [1709800425.5684] Loaded device plugin: NMMacsecDeviceFactory (internal)
Mar  7 16:33:45 KevinSumaya NetworkManager[567]: <info>  [1709800425.5685] Loaded device plugin: NMMacvlanDeviceFactory (internal)
Mar  7 16:33:45 KevinSumaya NetworkManager[567]: <info>  [1709800425.5685] Loaded device plugin: NMPppDeviceFactory (internal)
Mar  7 16:33:45 KevinSumaya NetworkManager[567]: <info>  [1709800425.5685] Loaded device plugin: NMTunDeviceFactory (internal)
Mar  7 16:33:45 KevinSumaya NetworkManager[567]: <info>  [1709800425.5685] Loaded device plugin: NMVethDeviceFactory (internal)
Mar  7 16:33:45 KevinSumaya NetworkManager[567]: <info>  [1709800425.5685] Loaded device plugin: NMVlanDeviceFactory (internal)
Mar  7 16:33:45 KevinSumaya NetworkManager[567]: <info>  [1709800425.5685] Loaded device plugin: NMVxlanDeviceFactory (internal)
Mar  7 16:33:45 KevinSumaya udisksd[544]: Failed to load the 'mdraid' libblockdev plugin
Mar  7 16:33:45 KevinSumaya NetworkManager[567]: <info>  [1709800425.5980] Loaded device plugin: NMBluezManager (/usr/lib/x86_64-linux-gnu/NetworkManager/libnm-device-plugin-bluetooth.so)
Mar  7 16:33:45 KevinSumaya NetworkManager[567]: <info>  [1709800425.5993] Loaded device plugin: NMAtmManager (/usr/lib/x86_64-linux-gnu/NetworkManager/libnm-device-plugin-adsl.so)
Mar  7 16:33:45 KevinSumaya NetworkManager[567]: <info>  [1709800425.6199] Loaded device plugin: NMWifiFactory (/usr/lib/x86_64-linux-gnu/NetworkManager/libnm-device-plugin-wifi.so)
Mar  7 16:33:45 KevinSumaya NetworkManager[567]: <info>  [1709800425.6212] Loaded device plugin: NMWwanFactory (/usr/lib/x86_64-linux-gnu/NetworkManager/libnm-device-plugin-wwan.so)
Mar  7 16:33:45 KevinSumaya snapd[594]: stateengine.go:102: state ensure error: Get https://api.snapcraft.io/api/v1/snaps/sections: dial tcp: lookup api.snapcraft.io: no such host
Mar  7 16:33:45 KevinSumaya NetworkManager[567]: <info>  [1709800425.8237] Loaded device plugin: NMTeamFactory (/usr/lib/x86_64-linux-gnu/NetworkManager/libnm-device-plugin-team.so)
Mar  7 16:33:45 KevinSumaya NetworkManager[567]: <info>  [1709800425.8250] device (lo): carrier: link connected
Mar  7 16:33:45 KevinSumaya NetworkManager[567]: <info>  [1709800425.8262] manager: (lo): new Generic device (/org/freedesktop/NetworkManager/Devices/1)
Mar  7 16:33:45 KevinSumaya NetworkManager[567]: <info>  [1709800425.8274] manager: (enp0s3): new Ethernet device (/org/freedesktop/NetworkManager/Devices/2)
Mar  7 16:33:45 KevinSumaya NetworkManager[567]: <info>  [1709800425.8284] keyfile: add connection in-memory (21080143-4732-34fe-b030-56c662e1bef9,"Wired connection 1")
Mar  7 16:33:45 KevinSumaya NetworkManager[567]: <info>  [1709800425.8287] settings: (enp0s3): created default wired connection 'Wired connection 1'
Mar  7 16:33:45 KevinSumaya NetworkManager[567]: <info>  [1709800425.8296] device (enp0s3): state change: unmanaged -> unavailable (reason 'managed', sys-iface-state: 'external')
Mar  7 16:33:45 KevinSumaya kernel: [   12.090900] IPv6: ADDRCONF(NETDEV_UP): enp0s3: link is not ready
Mar  7 16:33:45 KevinSumaya kernel: [   12.101439] IPv6: ADDRCONF(NETDEV_UP): enp0s3: link is not ready
Mar  7 16:33:45 KevinSumaya kernel: [   12.105363] e1000: enp0s3 NIC Link is Up 1000 Mbps Full Duplex, Flow Control: RX
Mar  7 16:33:45 KevinSumaya kernel: [   12.106753] IPv6: ADDRCONF(NETDEV_CHANGE): enp0s3: link becomes ready
Mar  7 16:33:45 KevinSumaya NetworkManager[567]: <info>  [1709800425.8734] device (enp0s3): carrier: link connected
Mar  7 16:33:45 KevinSumaya NetworkManager[567]: <info>  [1709800425.8771] modem-manager: ModemManager available
Mar  7 16:33:45 KevinSumaya NetworkManager[567]: <info>  [1709800425.8775] device (enp0s3): state change: unavailable -> disconnected (reason 'carrier-changed', sys-iface-state: 'managed')
Mar  7 16:33:45 KevinSumaya udisksd[544]: Acquired the name org.freedesktop.UDisks2 on the system message bus
Mar  7 16:33:45 KevinSumaya systemd[1]: Started Disk Manager.
Mar  7 16:33:45 KevinSumaya NetworkManager[567]: <info>  [1709800425.8885] policy: auto-activating connection 'Wired connection 1'
Mar  7 16:33:45 KevinSumaya NetworkManager[567]: <info>  [1709800425.8900] device (enp0s3): Activation: starting connection 'Wired connection 1' (21080143-4732-34fe-b030-56c662e1bef9)
Mar  7 16:33:45 KevinSumaya NetworkManager[567]: <info>  [1709800425.8901] device (enp0s3): state change: disconnected -> prepare (reason 'none', sys-iface-state: 'managed')
Mar  7 16:33:45 KevinSumaya NetworkManager[567]: <info>  [1709800425.8902] manager: NetworkManager state is now CONNECTING
Mar  7 16:33:45 KevinSumaya NetworkManager[567]: <info>  [1709800425.8904] device (enp0s3): state change: prepare -> config (reason 'none', sys-iface-state: 'managed')
Mar  7 16:33:45 KevinSumaya NetworkManager[567]: <info>  [1709800425.8965] device (enp0s3): state change: config -> ip-config (reason 'none', sys-iface-state: 'managed')
Mar  7 16:33:45 KevinSumaya NetworkManager[567]: <info>  [1709800425.8977] dhcp4 (enp0s3): activation: beginning transaction (timeout in 45 seconds)
Mar  7 16:33:46 KevinSumaya NetworkManager[567]: <info>  [1709800426.0005] dhcp4 (enp0s3): dhclient started with pid 679
Mar  7 16:33:46 KevinSumaya avahi-daemon[522]: Joining mDNS multicast group on interface enp0s3.IPv6 with address fe80::9783:4d:7437:d1c5.
Mar  7 16:33:46 KevinSumaya systemd[1]: Started GNOME Display Manager.
Mar  7 16:33:46 KevinSumaya avahi-daemon[522]: New relevant interface enp0s3.IPv6 for mDNS.
Mar  7 16:33:46 KevinSumaya avahi-daemon[522]: Registering new address record for fe80::9783:4d:7437:d1c5 on enp0s3.*.
Mar  7 16:33:46 KevinSumaya dhclient[679]: DHCPDISCOVER on enp0s3 to 255.255.255.255 port 67 interval 3 (xid=0x8eb72414)
Mar  7 16:33:46 KevinSumaya dhclient[679]: DHCPREQUEST of 10.0.2.15 on enp0s3 to 255.255.255.255 port 67 (xid=0x1424b78e)
Mar  7 16:33:46 KevinSumaya dhclient[679]: DHCPOFFER of 10.0.2.15 from 10.0.2.2
Mar  7 16:33:46 KevinSumaya dhclient[679]: DHCPACK of 10.0.2.15 from 10.0.2.2
Mar  7 16:33:46 KevinSumaya NetworkManager[567]: <info>  [1709800426.2818] dhcp4 (enp0s3):   address 10.0.2.15
Mar  7 16:33:46 KevinSumaya NetworkManager[567]: <info>  [1709800426.2819] dhcp4 (enp0s3):   plen 24 (255.255.255.0)
Mar  7 16:33:46 KevinSumaya NetworkManager[567]: <info>  [1709800426.2819] dhcp4 (enp0s3):   gateway 10.0.2.2
Mar  7 16:33:46 KevinSumaya NetworkManager[567]: <info>  [1709800426.2819] dhcp4 (enp0s3):   lease time 86400
Mar  7 16:33:46 KevinSumaya NetworkManager[567]: <info>  [1709800426.2819] dhcp4 (enp0s3):   nameserver '10.6.15.200'
Mar  7 16:33:46 KevinSumaya NetworkManager[567]: <info>  [1709800426.2819] dhcp4 (enp0s3):   domain name 'ns2.is'
Mar  7 16:33:46 KevinSumaya NetworkManager[567]: <info>  [1709800426.2819] dhcp4 (enp0s3): state changed unknown -> bound
Mar  7 16:33:46 KevinSumaya NetworkManager[567]: <info>  [1709800426.2825] device (enp0s3): state change: ip-config -> ip-check (reason 'none', sys-iface-state: 'managed')
Mar  7 16:33:46 KevinSumaya avahi-daemon[522]: Joining mDNS multicast group on interface enp0s3.IPv4 with address 10.0.2.15.
Mar  7 16:33:46 KevinSumaya NetworkManager[567]: <info>  [1709800426.2830] device (enp0s3): state change: ip-check -> secondaries (reason 'none', sys-iface-state: 'managed')
Mar  7 16:33:46 KevinSumaya NetworkManager[567]: <info>  [1709800426.2832] device (enp0s3): state change: secondaries -> activated (reason 'none', sys-iface-state: 'managed')
Mar  7 16:33:46 KevinSumaya NetworkManager[567]: <info>  [1709800426.2832] manager: NetworkManager state is now CONNECTED_LOCAL
Mar  7 16:33:46 KevinSumaya avahi-daemon[522]: New relevant interface enp0s3.IPv4 for mDNS.
Mar  7 16:33:46 KevinSumaya avahi-daemon[522]: Registering new address record for 10.0.2.15 on enp0s3.IPv4.
Mar  7 16:33:46 KevinSumaya NetworkManager[567]: <info>  [1709800426.2990] manager: NetworkManager state is now CONNECTED_SITE
Mar  7 16:33:46 KevinSumaya NetworkManager[567]: <info>  [1709800426.3038] policy: set 'Wired connection 1' (enp0s3) as default for IPv4 routing and DNS
Mar  7 16:33:46 KevinSumaya NetworkManager[567]: <info>  [1709800426.3052] device (enp0s3): Activation: successful, device activated.
Mar  7 16:33:46 KevinSumaya nm-dispatcher: req:2 'up' [enp0s3]: new request (1 scripts)
Mar  7 16:33:46 KevinSumaya NetworkManager[567]: <info>  [1709800426.3056] manager: startup complete
Mar  7 16:33:46 KevinSumaya nm-dispatcher: req:2 'up' [enp0s3]: start running ordered scripts...
Mar  7 16:33:46 KevinSumaya systemd[1]: Started Network Manager Wait Online.
Mar  7 16:33:46 KevinSumaya systemd[1]: Reached target Network is Online.
Mar  7 16:33:46 KevinSumaya systemd[1]: Starting Tool to automatically collect and submit kernel crash signatures...
Mar  7 16:33:46 KevinSumaya systemd[1]: Started crash report submission daemon.
Mar  7 16:33:46 KevinSumaya dhclient[679]: bound to 10.0.2.15 -- renewal in 36939 seconds.
Mar  7 16:33:46 KevinSumaya systemd[1]: kerneloops.service: Found left-over process 707 (kerneloops) in control group while starting unit. Ignoring.
Mar  7 16:33:47 KevinSumaya systemd[1]: This usually indicates unclean termination of a previous run, or service implementation deficiencies.
Mar  7 16:33:47 KevinSumaya systemd[1]: Started Tool to automatically collect and submit kernel crash signatures.
Mar  7 16:33:47 KevinSumaya whoopsie[706]: [16:33:47] Using lock path: /var/lock/whoopsie/lock
Mar  7 16:33:47 KevinSumaya whoopsie[706]: [16:33:47] offline
Mar  7 16:33:47 KevinSumaya ModemManager[521]: <info>  Couldn't check support for device at '/sys/devices/pci0000:00/0000:00:03.0': not supported by any plugin
Mar  7 16:33:47 KevinSumaya NetworkManager[567]: <info>  [1709800427.6832] manager: NetworkManager state is now CONNECTED_GLOBAL
Mar  7 16:33:47 KevinSumaya nm-dispatcher: req:3 'connectivity-change': new request (1 scripts)
Mar  7 16:33:47 KevinSumaya whoopsie[706]: [16:33:47] The default IPv4 route is: /org/freedesktop/NetworkManager/ActiveConnection/1
Mar  7 16:33:47 KevinSumaya whoopsie[706]: [16:33:47] Not a paid data plan: /org/freedesktop/NetworkManager/ActiveConnection/1
Mar  7 16:33:47 KevinSumaya whoopsie[706]: [16:33:47] Found usable connection: /org/freedesktop/NetworkManager/ActiveConnection/1
Mar  7 16:33:47 KevinSumaya systemd[1]: Created slice User Slice of sumaya_.
Mar  7 16:33:48 KevinSumaya systemd[1]: Starting User Manager for UID 1000...
Mar  7 16:33:48 KevinSumaya systemd[1]: Started Session 1 of user sumaya_.
Mar  7 16:33:48 KevinSumaya nm-dispatcher: req:3 'connectivity-change': start running ordered scripts...
Mar  7 16:33:48 KevinSumaya systemd[738]: Listening on GnuPG cryptographic agent (ssh-agent emulation).
Mar  7 16:33:48 KevinSumaya systemd[738]: Listening on GnuPG cryptographic agent and passphrase cache.
Mar  7 16:33:48 KevinSumaya systemd[738]: Listening on GnuPG network certificate management daemon.
Mar  7 16:33:48 KevinSumaya systemd[738]: Started Pending report trigger for Ubuntu Report.
Mar  7 16:33:48 KevinSumaya systemd[738]: Reached target Paths.
Mar  7 16:33:48 KevinSumaya systemd[738]: Listening on GnuPG cryptographic agent and passphrase cache (restricted).
Mar  7 16:33:48 KevinSumaya systemd[738]: Listening on GnuPG cryptographic agent and passphrase cache (access for web browsers).
Mar  7 16:33:48 KevinSumaya systemd[738]: Reached target Timers.
Mar  7 16:33:48 KevinSumaya systemd[738]: Starting D-Bus User Message Bus Socket.
Mar  7 16:33:48 KevinSumaya systemd[738]: Listening on D-Bus User Message Bus Socket.
Mar  7 16:33:48 KevinSumaya systemd[738]: Reached target Sockets.
Mar  7 16:33:48 KevinSumaya systemd[738]: Reached target Basic System.
Mar  7 16:33:48 KevinSumaya systemd[1]: Started User Manager for UID 1000.
Mar  7 16:33:48 KevinSumaya systemd[738]: Reached target Default.
Mar  7 16:33:48 KevinSumaya systemd[738]: Startup finished in 631ms.
Mar  7 16:33:48 KevinSumaya whoopsie[706]: [16:33:48] online
Mar  7 16:33:49 KevinSumaya /usr/lib/gdm3/gdm-x-session[811]: (--) Log file renamed from "/home/sumaya_/.local/share/xorg/Xorg.pid-813.log" to "/home/sumaya_/.local/share/xorg/Xorg.0.log"
Mar  7 16:33:49 KevinSumaya /usr/lib/gdm3/gdm-x-session[811]: X.Org X Server 1.20.1
Mar  7 16:33:49 KevinSumaya /usr/lib/gdm3/gdm-x-session[811]: X Protocol Version 11, Revision 0
Mar  7 16:33:49 KevinSumaya /usr/lib/gdm3/gdm-x-session[811]: Build Operating System: Linux 4.4.0-140-generic x86_64 Ubuntu
Mar  7 16:33:49 KevinSumaya /usr/lib/gdm3/gdm-x-session[811]: Current Operating System: Linux KevinSumaya 4.18.0-15-generic #16~18.04.1-Ubuntu SMP Thu Feb 7 14:06:04 UTC 2019 x86_64
Mar  7 16:33:49 KevinSumaya /usr/lib/gdm3/gdm-x-session[811]: Kernel command line: BOOT_IMAGE=/boot/vmlinuz-4.18.0-15-generic root=UUID=4a50dd81-eacf-4ec3-8edb-5ae4efc1e762 ro quiet splash
Mar  7 16:33:49 KevinSumaya /usr/lib/gdm3/gdm-x-session[811]: Build Date: 27 November 2018  05:27:12PM
Mar  7 16:33:49 KevinSumaya /usr/lib/gdm3/gdm-x-session[811]: xorg-server-hwe-18.04 2:1.20.1-3ubuntu2.1~18.04.1 (For technical support please see http://www.ubuntu.com/support)
Mar  7 16:33:49 KevinSumaya /usr/lib/gdm3/gdm-x-session[811]: Current version of pixman: 0.34.0
Mar  7 16:33:49 KevinSumaya /usr/lib/gdm3/gdm-x-session[811]: #011Before reporting problems, check http://wiki.x.org
Mar  7 16:33:49 KevinSumaya /usr/lib/gdm3/gdm-x-session[811]: #011to make sure that you have the latest version.
Mar  7 16:33:49 KevinSumaya /usr/lib/gdm3/gdm-x-session[811]: Markers: (--) probed, (**) from config file, (==) default setting,
Mar  7 16:33:49 KevinSumaya /usr/lib/gdm3/gdm-x-session[811]: #011(++) from command line, (!!) notice, (II) informational,
Mar  7 16:33:49 KevinSumaya /usr/lib/gdm3/gdm-x-session[811]: #011(WW) warning, (EE) error, (NI) not implemented, (??) unknown.
Mar  7 16:33:49 KevinSumaya /usr/lib/gdm3/gdm-x-session[811]: (==) Log file: "/home/sumaya_/.local/share/xorg/Xorg.0.log", Time: Thu Mar  7 16:33:49 2024
Mar  7 16:33:49 KevinSumaya /usr/lib/gdm3/gdm-x-session[811]: (==) Using system config directory "/usr/share/X11/xorg.conf.d"
Mar  7 16:33:49 KevinSumaya /usr/lib/gdm3/gdm-x-session[811]: (==) No Layout section.  Using the first Screen section.
Mar  7 16:33:49 KevinSumaya /usr/lib/gdm3/gdm-x-session[811]: (==) No screen section available. Using defaults.
Mar  7 16:33:49 KevinSumaya /usr/lib/gdm3/gdm-x-session[811]: (**) |-->Screen "Default Screen Section" (0)
Mar  7 16:33:49 KevinSumaya /usr/lib/gdm3/gdm-x-session[811]: (**) |   |-->Monitor "<default monitor>"
Mar  7 16:33:49 KevinSumaya /usr/lib/gdm3/gdm-x-session[811]: (==) No monitor specified for screen "Default Screen Section".
Mar  7 16:33:49 KevinSumaya /usr/lib/gdm3/gdm-x-session[811]: #011Using a default monitor configuration.
Mar  7 16:33:49 KevinSumaya /usr/lib/gdm3/gdm-x-session[811]: (==) Automatically adding devices
Mar  7 16:33:49 KevinSumaya /usr/lib/gdm3/gdm-x-session[811]: (==) Automatically enabling devices
Mar  7 16:33:49 KevinSumaya /usr/lib/gdm3/gdm-x-session[811]: (==) Automatically adding GPU devices
Mar  7 16:33:49 KevinSumaya /usr/lib/gdm3/gdm-x-session[811]: (==) Automatically binding GPU devices
Mar  7 16:33:49 KevinSumaya /usr/lib/gdm3/gdm-x-session[811]: (==) Max clients allowed: 256, resource mask: 0x1fffff
Mar  7 16:33:49 KevinSumaya /usr/lib/gdm3/gdm-x-session[811]: (WW) The directory "/usr/share/fonts/X11/cyrillic" does not exist.
Mar  7 16:33:49 KevinSumaya /usr/lib/gdm3/gdm-x-session[811]: #011Entry deleted from font path.
Mar  7 16:33:49 KevinSumaya /usr/lib/gdm3/gdm-x-session[811]: (WW) The directory "/usr/share/fonts/X11/100dpi/" does not exist.
Mar  7 16:33:49 KevinSumaya /usr/lib/gdm3/gdm-x-session[811]: #011Entry deleted from font path.
Mar  7 16:33:49 KevinSumaya /usr/lib/gdm3/gdm-x-session[811]: (WW) The directory "/usr/share/fonts/X11/75dpi/" does not exist.
Mar  7 16:33:49 KevinSumaya /usr/lib/gdm3/gdm-x-session[811]: #011Entry deleted from font path.
Mar  7 16:33:49 KevinSumaya /usr/lib/gdm3/gdm-x-session[811]: (WW) The directory "/usr/share/fonts/X11/100dpi" does not exist.
Mar  7 16:33:49 KevinSumaya /usr/lib/gdm3/gdm-x-session[811]: #011Entry deleted from font path.
Mar  7 16:33:49 KevinSumaya /usr/lib/gdm3/gdm-x-session[811]: (WW) The directory "/usr/share/fonts/X11/75dpi" does not exist.
Mar  7 16:33:49 KevinSumaya /usr/lib/gdm3/gdm-x-session[811]: #011Entry deleted from font path.
Mar  7 16:33:49 KevinSumaya /usr/lib/gdm3/gdm-x-session[811]: (==) FontPath set to:
Mar  7 16:33:49 KevinSumaya /usr/lib/gdm3/gdm-x-session[811]: #011/usr/share/fonts/X11/misc,
Mar  7 16:33:49 KevinSumaya /usr/lib/gdm3/gdm-x-session[811]: #011/usr/share/fonts/X11/Type1,
Mar  7 16:33:49 KevinSumaya /usr/lib/gdm3/gdm-x-session[811]: #011built-ins
Mar  7 16:33:49 KevinSumaya /usr/lib/gdm3/gdm-x-session[811]: (==) ModulePath set to "/usr/lib/xorg/modules"
Mar  7 16:33:49 KevinSumaya /usr/lib/gdm3/gdm-x-session[811]: (II) The server relies on udev to provide the list of input devices.
Mar  7 16:33:49 KevinSumaya /usr/lib/gdm3/gdm-x-session[811]: #011If no devices become available, reconfigure udev or disable AutoAddDevices.
Mar  7 16:33:49 KevinSumaya /usr/lib/gdm3/gdm-x-session[811]: (II) Loader magic: 0x56171de1d020
Mar  7 16:33:49 KevinSumaya /usr/lib/gdm3/gdm-x-session[811]: (II) Module ABI versions:
Mar  7 16:33:49 KevinSumaya /usr/lib/gdm3/gdm-x-session[811]: #011X.Org ANSI C Emulation: 0.4
Mar  7 16:33:49 KevinSumaya /usr/lib/gdm3/gdm-x-session[811]: #011X.Org Video Driver: 24.0
Mar  7 16:33:49 KevinSumaya /usr/lib/gdm3/gdm-x-session[811]: #011X.Org XInput driver : 24.1
Mar  7 16:33:49 KevinSumaya /usr/lib/gdm3/gdm-x-session[811]: #011X.Org Server Extension : 10.0
Mar  7 16:33:49 KevinSumaya /usr/lib/gdm3/gdm-x-session[811]: (++) using VT number 1
Mar  7 16:33:49 KevinSumaya /usr/lib/gdm3/gdm-x-session[811]: (II) systemd-logind: took control of session /org/freedesktop/login1/session/_31
Mar  7 16:33:49 KevinSumaya /usr/lib/gdm3/gdm-x-session[811]: (II) xfree86: Adding drm device (/dev/dri/card0)
Mar  7 16:33:49 KevinSumaya /usr/lib/gdm3/gdm-x-session[811]: (II) systemd-logind: got fd for /dev/dri/card0 226:0 fd 12 paused 0
Mar  7 16:33:49 KevinSumaya /usr/lib/gdm3/gdm-x-session[811]: (--) PCI:*(0@0:2:0) 15ad:0405:15ad:0405 rev 0, Mem @ 0xe0000000/16777216, 0xf0000000/2097152, I/O @ 0x0000d010/16, BIOS @ 0x????????/131072
Mar  7 16:33:49 KevinSumaya /usr/lib/gdm3/gdm-x-session[811]: (II) LoadModule: "glx"
Mar  7 16:33:49 KevinSumaya /usr/lib/gdm3/gdm-x-session[811]: (II) Loading /usr/lib/xorg/modules/extensions/libglx.so
Mar  7 16:33:49 KevinSumaya /usr/lib/gdm3/gdm-x-session[811]: (II) Module glx: vendor="X.Org Foundation"
Mar  7 16:33:49 KevinSumaya /usr/lib/gdm3/gdm-x-session[811]: #011compiled for 1.20.1, module version = 1.0.0
Mar  7 16:33:49 KevinSumaya /usr/lib/gdm3/gdm-x-session[811]: #011ABI class: X.Org Server Extension, version 10.0
Mar  7 16:33:49 KevinSumaya /usr/lib/gdm3/gdm-x-session[811]: (==) Matched vmware as autoconfigured driver 0
Mar  7 16:33:49 KevinSumaya /usr/lib/gdm3/gdm-x-session[811]: (==) Matched modesetting as autoconfigured driver 1
Mar  7 16:33:49 KevinSumaya /usr/lib/gdm3/gdm-x-session[811]: (==) Matched fbdev as autoconfigured driver 2
Mar  7 16:33:49 KevinSumaya /usr/lib/gdm3/gdm-x-session[811]: (==) Matched vesa as autoconfigured driver 3
Mar  7 16:33:49 KevinSumaya /usr/lib/gdm3/gdm-x-session[811]: (==) Assigned the driver to the xf86ConfigLayout
Mar  7 16:33:49 KevinSumaya /usr/lib/gdm3/gdm-x-session[811]: (II) LoadModule: "vmware"
Mar  7 16:33:49 KevinSumaya /usr/lib/gdm3/gdm-x-session[811]: (II) Loading /usr/lib/xorg/modules/drivers/vmware_drv.so
Mar  7 16:33:50 KevinSumaya /usr/lib/gdm3/gdm-x-session[811]: (II) Module vmware: vendor="X.Org Foundation"
Mar  7 16:33:50 KevinSumaya /usr/lib/gdm3/gdm-x-session[811]: #011compiled for 1.20.1, module version = 13.3.0
Mar  7 16:33:50 KevinSumaya /usr/lib/gdm3/gdm-x-session[811]: #011Module class: X.Org Video Driver
Mar  7 16:33:50 KevinSumaya /usr/lib/gdm3/gdm-x-session[811]: #011ABI class: X.Org Video Driver, version 24.0
Mar  7 16:33:50 KevinSumaya /usr/lib/gdm3/gdm-x-session[811]: (II) LoadModule: "modesetting"
Mar  7 16:33:50 KevinSumaya /usr/lib/gdm3/gdm-x-session[811]: (II) Loading /usr/lib/xorg/modules/drivers/modesetting_drv.so
Mar  7 16:33:50 KevinSumaya /usr/lib/gdm3/gdm-x-session[811]: (II) Module modesetting: vendor="X.Org Foundation"
Mar  7 16:33:50 KevinSumaya /usr/lib/gdm3/gdm-x-session[811]: #011compiled for 1.20.1, module version = 1.20.1
Mar  7 16:33:50 KevinSumaya /usr/lib/gdm3/gdm-x-session[811]: #011Module class: X.Org Video Driver
Mar  7 16:33:50 KevinSumaya /usr/lib/gdm3/gdm-x-session[811]: #011ABI class: X.Org Video Driver, version 24.0
Mar  7 16:33:50 KevinSumaya /usr/lib/gdm3/gdm-x-session[811]: (II) LoadModule: "fbdev"
Mar  7 16:33:50 KevinSumaya /usr/lib/gdm3/gdm-x-session[811]: (II) Loading /usr/lib/xorg/modules/drivers/fbdev_drv.so
Mar  7 16:33:50 KevinSumaya /usr/lib/gdm3/gdm-x-session[811]: (II) Module fbdev: vendor="X.Org Foundation"
Mar  7 16:33:50 KevinSumaya /usr/lib/gdm3/gdm-x-session[811]: #011compiled for 1.20.1, module version = 0.5.0
Mar  7 16:33:50 KevinSumaya /usr/lib/gdm3/gdm-x-session[811]: #011Module class: X.Org Video Driver
Mar  7 16:33:50 KevinSumaya /usr/lib/gdm3/gdm-x-session[811]: #011ABI class: X.Org Video Driver, version 24.0
Mar  7 16:33:50 KevinSumaya /usr/lib/gdm3/gdm-x-session[811]: (II) LoadModule: "vesa"
Mar  7 16:33:50 KevinSumaya /usr/lib/gdm3/gdm-x-session[811]: (II) Loading /usr/lib/xorg/modules/drivers/vesa_drv.so
Mar  7 16:33:50 KevinSumaya /usr/lib/gdm3/gdm-x-session[811]: (II) Module vesa: vendor="X.Org Foundation"
Mar  7 16:33:50 KevinSumaya /usr/lib/gdm3/gdm-x-session[811]: #011compiled for 1.20.1, module version = 2.4.0
